Component: ARM Compiler 5.06 update 6 (build 750) Tool: armlink [4d35ed]

==============================================================================

Section Cross References

    startup_stm32f205xx.o(STACK) refers (Special) to heapauxi.o(.text) for __use_two_region_memory
    startup_stm32f205xx.o(HEAP) refers (Special) to heapauxi.o(.text) for __use_two_region_memory
    startup_stm32f205xx.o(RESET) refers (Special) to heapauxi.o(.text) for __use_two_region_memory
    startup_stm32f205xx.o(RESET) refers to startup_stm32f205xx.o(STACK) for __initial_sp
    startup_stm32f205xx.o(RESET) refers to startup_stm32f205xx.o(.text) for Reset_Handler
    startup_stm32f205xx.o(RESET) refers to stm32f2xx_it.o(i.NMI_Handler) for NMI_Handler
    startup_stm32f205xx.o(RESET) refers to stm32f2xx_it.o(i.HardFault_Handler) for HardFault_Handler
    startup_stm32f205xx.o(RESET) refers to stm32f2xx_it.o(i.MemManage_Handler) for MemManage_Handler
    startup_stm32f205xx.o(RESET) refers to stm32f2xx_it.o(i.BusFault_Handler) for BusFault_Handler
    startup_stm32f205xx.o(RESET) refers to stm32f2xx_it.o(i.UsageFault_Handler) for UsageFault_Handler
    startup_stm32f205xx.o(RESET) refers to stm32f2xx_it.o(i.SVC_Handler) for SVC_Handler
    startup_stm32f205xx.o(RESET) refers to stm32f2xx_it.o(i.DebugMon_Handler) for DebugMon_Handler
    startup_stm32f205xx.o(RESET) refers to stm32f2xx_it.o(i.PendSV_Handler) for PendSV_Handler
    startup_stm32f205xx.o(RESET) refers to stm32f2xx_it.o(i.SysTick_Handler) for SysTick_Handler
    startup_stm32f205xx.o(RESET) refers to stm32f2xx_it.o(i.TIM2_IRQHandler) for TIM2_IRQHandler
    startup_stm32f205xx.o(RESET) refers to stm32f2xx_it.o(i.OTG_FS_IRQHandler) for OTG_FS_IRQHandler
    startup_stm32f205xx.o(.text) refers (Special) to heapauxi.o(.text) for __use_two_region_memory
    startup_stm32f205xx.o(.text) refers to system_stm32f2xx.o(i.SystemInit) for SystemInit
    startup_stm32f205xx.o(.text) refers to __main.o(!!!main) for __main
    startup_stm32f205xx.o(.text) refers to startup_stm32f205xx.o(HEAP) for Heap_Mem
    startup_stm32f205xx.o(.text) refers to startup_stm32f205xx.o(STACK) for Stack_Mem
    main.o(i.SystemClock_Config) refers to rt_memclr_w.o(.text) for __aeabi_memclr4
    main.o(i.SystemClock_Config) refers to stm32f2xx_hal_rcc.o(i.HAL_RCC_OscConfig) for HAL_RCC_OscConfig
    main.o(i.SystemClock_Config) refers to stm32f2xx_hal_rcc.o(i.HAL_RCC_ClockConfig) for HAL_RCC_ClockConfig
    main.o(i.main) refers to stm32f2xx_hal.o(i.HAL_Init) for HAL_Init
    main.o(i.main) refers to main.o(i.SystemClock_Config) for SystemClock_Config
    main.o(i.main) refers to gpio.o(i.MX_GPIO_Init) for MX_GPIO_Init
    main.o(i.main) refers to tim.o(i.MX_TIM2_Init) for MX_TIM2_Init
    main.o(i.main) refers to usb_device.o(i.MX_USB_DEVICE_Init) for MX_USB_DEVICE_Init
    main.o(i.main) refers to stm32f2xx_hal_tim.o(i.HAL_TIM_PWM_Start_IT) for HAL_TIM_PWM_Start_IT
    main.o(i.main) refers to stm32f2xx_hal_tim.o(i.HAL_TIM_PWM_Stop_IT) for HAL_TIM_PWM_Stop_IT
    main.o(i.main) refers to tim.o(.bss) for htim2
    main.o(i.main) refers to usbd_cdc_if.o(.data) for USB_RX_MSG
    gpio.o(i.MX_GPIO_Init) refers to rt_memclr_w.o(.text) for __aeabi_memclr4
    gpio.o(i.MX_GPIO_Init) refers to stm32f2xx_hal_gpio.o(i.HAL_GPIO_WritePin) for HAL_GPIO_WritePin
    gpio.o(i.MX_GPIO_Init) refers to stm32f2xx_hal_gpio.o(i.HAL_GPIO_Init) for HAL_GPIO_Init
    tim.o(i.HAL_TIM_Base_MspDeInit) refers to stm32f2xx_hal_cortex.o(i.HAL_NVIC_DisableIRQ) for HAL_NVIC_DisableIRQ
    tim.o(i.HAL_TIM_Base_MspInit) refers to stm32f2xx_hal_cortex.o(i.HAL_NVIC_SetPriority) for HAL_NVIC_SetPriority
    tim.o(i.HAL_TIM_Base_MspInit) refers to stm32f2xx_hal_cortex.o(i.HAL_NVIC_EnableIRQ) for HAL_NVIC_EnableIRQ
    tim.o(i.HAL_TIM_MspPostInit) refers to rt_memclr_w.o(.text) for __aeabi_memclr4
    tim.o(i.HAL_TIM_MspPostInit) refers to stm32f2xx_hal_gpio.o(i.HAL_GPIO_Init) for HAL_GPIO_Init
    tim.o(i.HAL_TIM_PWM_PulseFinishCallback) refers to stm32f2xx_hal_tim.o(i.HAL_TIM_PWM_Stop) for HAL_TIM_PWM_Stop
    tim.o(i.HAL_TIM_PWM_PulseFinishCallback) refers to tim.o(.data) for .data
    tim.o(i.MX_TIM2_Init) refers to rt_memclr_w.o(.text) for __aeabi_memclr4
    tim.o(i.MX_TIM2_Init) refers to stm32f2xx_hal_tim.o(i.HAL_TIM_Base_Init) for HAL_TIM_Base_Init
    tim.o(i.MX_TIM2_Init) refers to main.o(i.Error_Handler) for Error_Handler
    tim.o(i.MX_TIM2_Init) refers to stm32f2xx_hal_tim.o(i.HAL_TIM_ConfigClockSource) for HAL_TIM_ConfigClockSource
    tim.o(i.MX_TIM2_Init) refers to stm32f2xx_hal_tim.o(i.HAL_TIM_PWM_Init) for HAL_TIM_PWM_Init
    tim.o(i.MX_TIM2_Init) refers to stm32f2xx_hal_tim_ex.o(i.HAL_TIMEx_MasterConfigSynchronization) for HAL_TIMEx_MasterConfigSynchronization
    tim.o(i.MX_TIM2_Init) refers to stm32f2xx_hal_tim.o(i.HAL_TIM_PWM_ConfigChannel) for HAL_TIM_PWM_ConfigChannel
    tim.o(i.MX_TIM2_Init) refers to tim.o(i.HAL_TIM_MspPostInit) for HAL_TIM_MspPostInit
[...]
    USBD_CDC_Init                            0x08002909   Thumb Code   148  usbd_cdc.o(i.USBD_CDC_Init)
    i.USBD_CDC_ReceivePacket                 0x0800299c   Section        0  usbd_cdc.o(i.USBD_CDC_ReceivePacket)
    i.USBD_CDC_RegisterInterface             0x080029c4   Section        0  usbd_cdc.o(i.USBD_CDC_RegisterInterface)
    i.USBD_CDC_SetRxBuffer                   0x080029d4   Section        0  usbd_cdc.o(i.USBD_CDC_SetRxBuffer)
    i.USBD_CDC_SetTxBuffer                   0x080029e0   Section        0  usbd_cdc.o(i.USBD_CDC_SetTxBuffer)
    i.USBD_CDC_Setup                         0x080029f0   Section        0  usbd_cdc.o(i.USBD_CDC_Setup)
    USBD_CDC_Setup                           0x080029f1   Thumb Code   172  usbd_cdc.o(i.USBD_CDC_Setup)
    i.USBD_CDC_TransmitPacket                0x08002a9c   Section        0  usbd_cdc.o(i.USBD_CDC_TransmitPacket)
    i.USBD_ClrClassConfig                    0x08002ad2   Section        0  usbd_core.o(i.USBD_ClrClassConfig)
    i.USBD_CtlContinueRx                     0x08002ae0   Section        0  usbd_ioreq.o(i.USBD_CtlContinueRx)
    i.USBD_CtlContinueSendData               0x08002af0   Section        0  usbd_ioreq.o(i.USBD_CtlContinueSendData)
    i.USBD_CtlError                          0x08002b00   Section        0  usbd_ctlreq.o(i.USBD_CtlError)
    i.USBD_CtlPrepareRx                      0x08002b16   Section        0  usbd_ioreq.o(i.USBD_CtlPrepareRx)
    i.USBD_CtlReceiveStatus                  0x08002b34   Section        0  usbd_ioreq.o(i.USBD_CtlReceiveStatus)
    i.USBD_CtlSendData                       0x08002b4a   Section        0  usbd_ioreq.o(i.USBD_CtlSendData)
    i.USBD_CtlSendStatus                     0x08002b64   Section        0  usbd_ioreq.o(i.USBD_CtlSendStatus)
    i.USBD_FS_ConfigStrDescriptor            0x08002b7c   Section        0  usbd_desc.o(i.USBD_FS_ConfigStrDescriptor)
    i.USBD_FS_DeviceDescriptor               0x08002b9c   Section        0  usbd_desc.o(i.USBD_FS_DeviceDescriptor)
    i.USBD_FS_InterfaceStrDescriptor         0x08002ba8   Section        0  usbd_desc.o(i.USBD_FS_InterfaceStrDescriptor)
    i.USBD_FS_LangIDStrDescriptor            0x08002bcc   Section        0  usbd_desc.o(i.USBD_FS_LangIDStrDescriptor)
    i.USBD_FS_ManufacturerStrDescriptor      0x08002bd8   Section        0  usbd_desc.o(i.USBD_FS_ManufacturerStrDescriptor)
    i.USBD_FS_ProductStrDescriptor           0x08002c00   Section        0  usbd_desc.o(i.USBD_FS_ProductStrDescriptor)
    i.USBD_FS_SerialStrDescriptor            0x08002c2c   Section        0  usbd_desc.o(i.USBD_FS_SerialStrDescriptor)
    i.USBD_GetDescriptor                     0x08002c64   Section        0  usbd_ctlreq.o(i.USBD_GetDescriptor)
    USBD_GetDescriptor                       0x08002c65   Thumb Code   232  usbd_ctlreq.o(i.USBD_GetDescriptor)
    i.USBD_GetString                         0x08002d4c   Section        0  usbd_ctlreq.o(i.USBD_GetString)
    i.USBD_Get_USB_Status                    0x08002d94   Section        0  usbd_conf.o(i.USBD_Get_USB_Status)
    i.USBD_Init                              0x08002dac   Section        0  usbd_core.o(i.USBD_Init)
    i.USBD_LL_ClearStallEP                   0x08002dd6   Section        0  usbd_conf.o(i.USBD_LL_ClearStallEP)
    i.USBD_LL_CloseEP                        0x08002de8   Section        0  usbd_conf.o(i.USBD_LL_CloseEP)
    i.USBD_LL_DataInStage                    0x08002dfa   Section        0  usbd_core.o(i.USBD_LL_DataInStage)
    i.USBD_LL_DataOutStage                   0x08002ec0   Section        0  usbd_core.o(i.USBD_LL_DataOutStage)
    i.USBD_LL_DevConnected                   0x08002f42   Section        0  usbd_core.o(i.USBD_LL_DevConnected)
    i.USBD_LL_DevDisconnected                0x08002f46   Section        0  usbd_core.o(i.USBD_LL_DevDisconnected)
    i.USBD_LL_GetRxDataSize                  0x08002f5c   Section        0  usbd_conf.o(i.USBD_LL_GetRxDataSize)
    i.USBD_LL_Init                           0x08002f64   Section        0  usbd_conf.o(i.USBD_LL_Init)
    i.USBD_LL_IsStallEP                      0x08002fc0   Section        0  usbd_conf.o(i.USBD_LL_IsStallEP)
    i.USBD_LL_IsoINIncomplete                0x08002fe0   Section        0  usbd_core.o(i.USBD_LL_IsoINIncomplete)
    i.USBD_LL_IsoOUTIncomplete               0x08002fe4   Section        0  usbd_core.o(i.USBD_LL_IsoOUTIncomplete)
    i.USBD_LL_OpenEP                         0x08002fe8   Section        0  usbd_conf.o(i.USBD_LL_OpenEP)
    i.USBD_LL_PrepareReceive                 0x08003000   Section        0  usbd_conf.o(i.USBD_LL_PrepareReceive)
    i.USBD_LL_Reset                          0x08003012   Section        0  usbd_core.o(i.USBD_LL_Reset)
    i.USBD_LL_Resume                         0x08003062   Section        0  usbd_core.o(i.USBD_LL_Resume)
    i.USBD_LL_SOF                            0x08003076   Section        0  usbd_core.o(i.USBD_LL_SOF)
    i.USBD_LL_SetSpeed                       0x0800308e   Section        0  usbd_core.o(i.USBD_LL_SetSpeed)
    i.USBD_LL_SetUSBAddress                  0x08003094   Section        0  usbd_conf.o(i.USBD_LL_SetUSBAddress)
    i.USBD_LL_SetupStage                     0x080030a6   Section        0  usbd_core.o(i.USBD_LL_SetupStage)
    i.USBD_LL_StallEP                        0x08003100   Section        0  usbd_conf.o(i.USBD_LL_StallEP)
    i.USBD_LL_Start                          0x08003112   Section        0  usbd_conf.o(i.USBD_LL_Start)
    i.USBD_LL_Suspend                        0x08003124   Section        0  usbd_core.o(i.USBD_LL_Suspend)
    i.USBD_LL_Transmit                       0x08003136   Section        0  usbd_conf.o(i.USBD_LL_Transmit)
    i.USBD_ParseSetupRequest                 0x08003148   Section        0  usbd_ctlreq.o(i.USBD_ParseSetupRequest)
    i.USBD_RegisterClass                     0x08003170   Section        0  usbd_core.o(i.USBD_RegisterClass)
    i.USBD_SetClassConfig                    0x08003180   Section        0  usbd_core.o(i.USBD_SetClassConfig)
    i.USBD_SetConfig                         0x08003198   Section        0  usbd_ctlreq.o(i.USBD_SetConfig)
    USBD_SetConfig                           0x08003199   Thumb Code   128  usbd_ctlreq.o(i.USBD_SetConfig)
    i.USBD_Start                             0x0800321c   Section        0  usbd_core.o(i.USBD_Start)
    i.USBD_StdDevReq                         0x08003226   Section        0  usbd_ctlreq.o(i.USBD_StdDevReq)
    i.USBD_StdEPReq                          0x08003338   Section        0  usbd_ctlreq.o(i.USBD_StdEPReq)
    i.USBD_StdItfReq                         0x08003488   Section        0  usbd_ctlreq.o(i.USBD_StdItfReq)
    i.USB_ActivateEndpoint                   0x080034d8   Section        0  stm32f2xx_ll_usb.o(i.USB_ActivateEndpoint)
    i.USB_ActivateSetup                      0x08003558   Section        0  stm32f2xx_ll_usb.o(i.USB_ActivateSetup)
    i.USB_CoreInit                           0x08003574   Section        0  stm32f2xx_ll_usb.o(i.USB_CoreInit)
    i.USB_CoreReset                          0x080035e0   Section        0  stm32f2xx_ll_usb.o(i.USB_CoreReset)
    USB_CoreReset                            0x080035e1   Thumb Code    58  stm32f2xx_ll_usb.o(i.USB_CoreReset)
    i.USB_DeactivateEndpoint                 0x08003620   Section        0  stm32f2xx_ll_usb.o(i.USB_DeactivateEndpoint)
    i.USB_DevConnect                         0x080036ec   Section        0  stm32f2xx_ll_usb.o(i.USB_DevConnect)
    i.USB_DevDisconnect                      0x08003708   Section        0  stm32f2xx_ll_usb.o(i.USB_DevDisconnect)
    i.USB_DevInit                            0x08003724   Section        0  stm32f2xx_ll_usb.o(i.USB_DevInit)
    i.USB_DisableGlobalInt                   0x0800389c   Section        0  stm32f2xx_ll_usb.o(i.USB_DisableGlobalInt)
    i.USB_EP0_OutStart                       0x080038a8   Section        0  stm32f2xx_ll_usb.o(i.USB_EP0_OutStart)
    i.USB_EPClearStall                       0x08003900   Section        0  stm32f2xx_ll_usb.o(i.USB_EPClearStall)
    i.USB_EPSetStall                         0x08003958   Section        0  stm32f2xx_ll_usb.o(i.USB_EPSetStall)
    i.USB_EPStartXfer                        0x080039b0   Section        0  stm32f2xx_ll_usb.o(i.USB_EPStartXfer)
    i.USB_EPStopXfer                         0x08003be0   Section        0  stm32f2xx_ll_usb.o(i.USB_EPStopXfer)
    i.USB_EnableGlobalInt                    0x08003c7e   Section        0  stm32f2xx_ll_usb.o(i.USB_EnableGlobalInt)
    i.USB_FlushRxFifo                        0x08003c8c   Section        0  stm32f2xx_ll_usb.o(i.USB_FlushRxFifo)
    i.USB_FlushTxFifo                        0x08003cc8   Section        0  stm32f2xx_ll_usb.o(i.USB_FlushTxFifo)
    i.USB_GetDevSpeed                        0x08003d08   Section        0  stm32f2xx_ll_usb.o(i.USB_GetDevSpeed)
    i.USB_GetMode                            0x08003d22   Section        0  stm32f2xx_ll_usb.o(i.USB_GetMode)
    i.USB_ReadDevAllInEpInterrupt            0x08003d2a   Section        0  stm32f2xx_ll_usb.o(i.USB_ReadDevAllInEpInterrupt)
    i.USB_ReadDevAllOutEpInterrupt           0x08003d38   Section        0  stm32f2xx_ll_usb.o(i.USB_ReadDevAllOutEpInterrupt)
    i.USB_ReadDevInEPInterrupt               0x08003d46   Section        0  stm32f2xx_ll_usb.o(i.USB_ReadDevInEPInterrupt)
    i.USB_ReadDevOutEPInterrupt              0x08003d6a   Section        0  stm32f2xx_ll_usb.o(i.USB_ReadDevOutEPInterrupt)
    i.USB_ReadInterrupts                     0x08003d7a   Section        0  stm32f2xx_ll_usb.o(i.USB_ReadInterrupts)
    i.USB_ReadPacket                         0x08003d82   Section        0  stm32f2xx_ll_usb.o(i.USB_ReadPacket)
    i.USB_SetCurrentMode                     0x08003dc0   Section        0  stm32f2xx_ll_usb.o(i.USB_SetCurrentMode)
    i.USB_SetDevAddress                      0x08003e1c   Section        0  stm32f2xx_ll_usb.o(i.USB_SetDevAddress)
    i.USB_SetTurnaroundTime                  0x08003e40   Section        0  stm32f2xx_ll_usb.o(i.USB_SetTurnaroundTime)
    i.USB_WritePacket                        0x08003f28   Section        0  stm32f2xx_ll_usb.o(i.USB_WritePacket)
    i.UsageFault_Handler                     0x08003f50   Section        0  stm32f2xx_it.o(i.UsageFault_Handler)
    i.__NVIC_SetPriority                     0x08003f52   Section        0  stm32f2xx_hal_cortex.o(i.__NVIC_SetPriority)
    __NVIC_SetPriority                       0x08003f53   Thumb Code    32  stm32f2xx_hal_cortex.o(i.__NVIC_SetPriority)
    i.main                                   0x08003f74   Section        0  main.o(i.main)
    .constdata                               0x08003fe8   Section       16  system_stm32f2xx.o(.constdata)
    .data                                    0x20000000   Section       28  usbd_desc.o(.data)
    .data                                    0x2000001c   Section       50  usbd_desc.o(.data)
    .data                                    0x20000050   Section       16  usbd_cdc_if.o(.data)
    .data                                    0x20000060   Section        8  usbd_cdc_if.o(.data)
    .data                                    0x20000068   Section       12  stm32f2xx_hal.o(.data)
    .data                                    0x20000074   Section        4  system_stm32f2xx.o(.data)
    .data                                    0x20000078   Section        1  usbd_ctlreq.o(.data)
    cfgidx                                   0x20000078   Data           1  usbd_ctlreq.o(.data)
    .data                                    0x2000007c   Section      215  usbd_cdc.o(.data)
    USBD_CDC_DeviceQualifierDesc             0x2000007c   Data          10  usbd_cdc.o(.data)
    .data                                    0x20000154   Section       56  usbd_cdc.o(.data)
    .bss                                     0x2000018c   Section       72  tim.o(.bss)
    .bss                                     0x200001d4   Section      708  usb_device.o(.bss)
    .bss                                     0x20000498   Section      512  usbd_desc.o(.bss)
    .bss                                     0x20000698   Section     4096  usbd_cdc_if.o(.bss)
    .bss                                     0x20001698   Section     1284  usbd_conf.o(.bss)
    .bss                                     0x20001b9c   Section       96  libspace.o(.bss)
    HEAP                                     0x20001c00   Section     4096  startup_stm32f205xx.o(HEAP)
    Heap_Mem                                 0x20001c00   Data        4096  startup_stm32f205xx.o(HEAP)
    STACK                                    0x20002c00   Section     4096  startup_stm32f205xx.o(STACK)
    Stack_Mem                                0x20002c00   Data        4096  startup_stm32f205xx.o(STACK)
    __initial_sp                             0x20003c00   Data           0  startup_stm32f205xx.o(STACK)

    Global Symbols

    Symbol Name                              Value     Ov Type        Size  Object(Section)

    BuildAttributes$$THM_ISAv4$P$D$K$B$S$PE$A:L22UL41UL21$X:L11$S22US41US21$IEEE1$IW$USESV6$~STKCKD$USESV7$~SHL$OTIME$ROPI$EBA8$UX$STANDARDLIB$REQ8$PRES8$EABIv2 0x00000000   Number         0  anon$$obj.o ABSOLUTE
    __ARM_use_no_argv                        0x00000000   Number         0  main.o ABSOLUTE
    __ARM_exceptions_init                     - Undefined Weak Reference
    __alloca_initialize                       - Undefined Weak Reference
    __arm_preinit_                            - Undefined Weak Reference
    __cpp_initialize__aeabi_                  - Undefined Weak Reference
    __cxa_finalize                            - Undefined Weak Reference
    __rt_locale                               - Undefined Weak Reference
    __sigvec_lookup                           - Undefined Weak Reference
    __user_heap_extent                        - Undefined Weak Reference
    _atexit_init                              - Undefined Weak Reference
    _call_atexit_fns                          - Undefined Weak Reference
    _clock_init                               - Undefined Weak Reference
    _fp_trap_init                             - Undefined Weak Reference
    _fp_trap_shutdown                         - Undefined Weak Reference
    _get_lc_collate                           - Undefined Weak Reference
    _get_lc_ctype                             - Undefined Weak Reference
    _get_lc_monetary                          - Undefined Weak Reference
    _get_lc_numeric                           - Undefined Weak Reference
    _get_lc_time                              - Undefined Weak Reference
    _getenv_init                              - Undefined Weak Reference
    _handle_redirection                       - Undefined Weak Reference
    _initio                                   - Undefined Weak Reference
    _mutex_acquire                            - Undefined Weak Reference
    _mutex_free                               - Undefined Weak Reference
    _mutex_release                            - Undefined Weak Reference
    _rand_init                                - Undefined Weak Reference
    _signal_finish                            - Undefined Weak Reference
    _signal_init                              - Undefined Weak Reference
    _terminateio                              - Undefined Weak Reference
    __Vectors_Size                           0x00000184   Number         0  startup_stm32f205xx.o ABSOLUTE
    __Vectors                                0x08000000   Data           4  startup_stm32f205xx.o(RESET)
    __Vectors_End                            0x08000184   Data           0  startup_stm32f205xx.o(RESET)
    __main                                   0x08000185   Thumb Code     8  __main.o(!!!main)
    __scatterload                            0x0800018d   Thumb Code     0  __scatter.o(!!!scatter)
    __scatterload_rt2                        0x0800018d   Thumb Code    44  __scatter.o(!!!scatter)
    __scatterload_rt2_thumb_only             0x0800018d   Thumb Code     0  __scatter.o(!!!scatter)
    __scatterload_null                       0x0800019b   Thumb Code     0  __scatter.o(!!!scatter)
    __decompress                             0x080001c1   Thumb Code    90  __dczerorl2.o(!!dczerorl2)
    __decompress1                            0x080001c1   Thumb Code     0  __dczerorl2.o(!!dczerorl2)
    __scatterload_zeroinit                   0x0800021d   Thumb Code    28  __scatter_zi.o(!!handler_zi)
    __rt_lib_init                            0x08000239   Thumb Code     0  libinit.o(.ARM.Collect$$libinit$$00000000)
    __rt_lib_init_fp_1                       0x0800023b   Thumb Code     0  libinit2.o(.ARM.Collect$$libinit$$00000002)
    __rt_lib_init_heap_2                     0x0800023b   Thumb Code     0  libinit2.o(.ARM.Collect$$libinit$$00000005)
    __rt_lib_init_preinit_1                  0x0800023b   Thumb Code     0  libinit2.o(.ARM.Collect$$libinit$$00000004)
    __rt_lib_init_alloca_1                   0x08000243   Thumb Code     0  libinit2.o(.ARM.Collect$$libinit$$0000002E)
    __rt_lib_init_argv_1                     0x08000243   Thumb Code     0  libinit2.o(.ARM.Collect$$libinit$$0000002C)
    __rt_lib_init_atexit_1                   0x08000243   Thumb Code     0  libinit2.o(.ARM.Collect$$libinit$$0000001B)
    __rt_lib_init_clock_1                    0x08000243   Thumb Code     0  libinit2.o(.ARM.Collect$$libinit$$00000021)
    __rt_lib_init_cpp_1                      0x08000243   Thumb Code     0  libinit2.o(.ARM.Collect$$libinit$$00000032)
    __rt_lib_init_exceptions_1               0x08000243   Thumb Code     0  libinit2.o(.ARM.Collect$$libinit$$00000030)
    __rt_lib_init_fp_trap_1                  0x08000243   Thumb Code     0  libinit2.o(.ARM.Collect$$libinit$$0000001F)
    __rt_lib_init_getenv_1                   0x08000243   Thumb Code     0  libinit2.o(.ARM.Collect$$libinit$$00000023)
    __rt_lib_init_heap_1                     0x08000243   Thumb Code     0  libinit2.o(.ARM.Collect$$libinit$$0000000A)
    __rt_lib_init_lc_collate_1               0x08000243   Thumb Code     0  libinit2.o(.ARM.Collect$$libinit$$00000011)
    __rt_lib_init_lc_ctype_1                 0x08000243   Thumb Code     0  libinit2.o(.ARM.Collect$$libinit$$00000013)
    __rt_lib_init_lc_monetary_1              0x08000243   Thumb Code     0  libinit2.o(.ARM.Collect$$libinit$$00000015)
    __rt_lib_init_lc_numeric_1               0x08000243   Thumb Code     0  libinit2.o(.ARM.Collect$$libinit$$00000017)
    __rt_lib_init_lc_time_1                  0x08000243   Thumb Code     0  libinit2.o(.ARM.Collect$$libinit$$00000019)
    __rt_lib_init_rand_1                     0x08000243   Thumb Code     0  libinit2.o(.ARM.Collect$$libinit$$0000000E)
    __rt_lib_init_return                     0x08000243   Thumb Code     0  libinit2.o(.ARM.Collect$$libinit$$00000033)
    __rt_lib_init_signal_1                   0x08000243   Thumb Code     0  libinit2.o(.ARM.Collect$$libinit$$0000001D)
    __rt_lib_init_stdio_1                    0x08000243   Thumb Code     0  libinit2.o(.ARM.Collect$$libinit$$00000025)
    __rt_lib_init_user_alloc_1               0x08000243   Thumb Code     0  libinit2.o(.ARM.Collect$$libinit$$0000000C)
    __rt_lib_shutdown                        0x08000245   Thumb Code     0  libshutdown.o(.ARM.Collect$$libshutdown$$00000000)
    __rt_lib_shutdown_cpp_1                  0x08000247   Thumb Code     0  libshutdown2.o(.ARM.Collect$$libshutdown$$00000002)
    __rt_lib_shutdown_fp_trap_1              0x08000247   Thumb Code     0  libshutdown2.o(.ARM.Collect$$libshutdown$$00000007)
    __rt_lib_shutdown_heap_1                 0x08000247   Thumb Code     0  libshutdown2.o(.ARM.Collect$$libshutdown$$0000000F)
    __rt_lib_shutdown_return                 0x08000247   Thumb Code     0  libshutdown2.o(.ARM.Collect$$libshutdown$$00000010)
    __rt_lib_shutdown_signal_1               0x08000247   Thumb Code     0  libshutdown2.o(.ARM.Collect$$libshutdown$$0000000A)
    __rt_lib_shutdown_stdio_1                0x08000247   Thumb Code     0  libshutdown2.o(.ARM.Collect$$libshutdown$$00000004)
    __rt_lib_shutdown_user_alloc_1           0x08000247   Thumb Code     0  libshutdown2.o(.ARM.Collect$$libshutdown$$0000000C)
    __rt_entry                               0x08000249   Thumb Code     0  __rtentry.o(.ARM.Collect$$rtentry$$00000000)
    __rt_entry_presh_1                       0x08000249   Thumb Code     0  __rtentry2.o(.ARM.Collect$$rtentry$$00000002)
    __rt_entry_sh                            0x08000249   Thumb Code     0  __rtentry4.o(.ARM.Collect$$rtentry$$00000004)
    __rt_entry_li                            0x0800024f   Thumb Code     0  __rtentry2.o(.ARM.Collect$$rtentry$$0000000A)
    __rt_entry_postsh_1                      0x0800024f   Thumb Code     0  __rtentry2.o(.ARM.Collect$$rtentry$$00000009)
    __rt_entry_main                          0x08000253   Thumb Code     0  __rtentry2.o(.ARM.Collect$$rtentry$$0000000D)
    __rt_entry_postli_1                      0x08000253   Thumb Code     0  __rtentry2.o(.ARM.Collect$$rtentry$$0000000C)
    __rt_exit                                0x0800025b   Thumb Code     0  rtexit.o(.ARM.Collect$$rtexit$$00000000)
    __rt_exit_ls                             0x0800025d   Thumb Code     0  rtexit2.o(.ARM.Collect$$rtexit$$00000003)
    __rt_exit_prels_1                        0x0800025d   Thumb Code     0  rtexit2.o(.ARM.Collect$$rtexit$$00000002)
    __rt_exit_exit                           0x08000261   Thumb Code     0  rtexit2.o(.ARM.Collect$$rtexit$$00000004)
    Reset_Handler                            0x08000269   Thumb Code     8  startup_stm32f205xx.o(.text)
    _maybe_terminate_alloc                   0x08000269   Thumb Code     0  maybetermalloc1.o(.emb_text)
    ADC_IRQHandler                           0x08000283   Thumb Code     0  startup_stm32f205xx.o(.text)
    CAN1_RX0_IRQHandler                      0x08000283   Thumb Code     0  startup_stm32f205xx.o(.text)
    CAN1_RX1_IRQHandler                      0x08000283   Thumb Code     0  startup_stm32f205xx.o(.text)
    CAN1_SCE_IRQHandler                      0x08000283   Thumb Code     0  startup_stm32f205xx.o(.text)
    CAN1_TX_IRQHandler                       0x08000283   Thumb Code     0  startup_stm32f205xx.o(.text)
    CAN2_RX0_IRQHandler                      0x08000283   Thumb Code     0  startup_stm32f205xx.o(.text)
    CAN2_RX1_IRQHandler                      0x08000283   Thumb Code     0  startup_stm32f205xx.o(.text)
    CAN2_SCE_IRQHandler                      0x08000283   Thumb Code     0  startup_stm32f205xx.o(.text)
    CAN2_TX_IRQHandler                       0x08000283   Thumb Code     0  startup_stm32f205xx.o(.text)
    DMA1_Stream0_IRQHandler                  0x08000283   Thumb Code     0  startup_stm32f205xx.o(.text)
    DMA1_Stream1_IRQHandler                  0x08000283   Thumb Code     0  startup_stm32f205xx.o(.text)
    DMA1_Stream2_IRQHandler                  0x08000283   Thumb Code     0  startup_stm32f205xx.o(.text)
    DMA1_Stream3_IRQHandler                  0x08000283   Thumb Code     0  startup_stm32f205xx.o(.text)
    DMA1_Stream4_IRQHandler                  0x08000283   Thumb Code     0  startup_stm32f205xx.o(.text)
    DMA1_Stream5_IRQHandler                  0x08000283   Thumb Code     0  startup_stm32f205xx.o(.text)
    DMA1_Stream6_IRQHandler                  0x08000283   Thumb Code     0  startup_stm32f205xx.o(.text)
    DMA1_Stream7_IRQHandler                  0x08000283   Thumb Code     0  startup_stm32f205xx.o(.text)
    DMA2_Stream0_IRQHandler                  0x08000283   Thumb Code     0  startup_stm32f205xx.o(.text)
    DMA2_Stream1_IRQHandler                  0x08000283   Thumb Code     0  startup_stm32f205xx.o(.text)
    DMA2_Stream2_IRQHandler                  0x08000283   Thumb Code     0  startup_stm32f205xx.o(.text)
    DMA2_Stream3_IRQHandler                  0x08000283   Thumb Code     0  startup_stm32f205xx.o(.text)
    DMA2_Stream4_IRQHandler                  0x08000283   Thumb Code     0  startup_stm32f205xx.o(.text)
    DMA2_Stream5_IRQHandler                  0x08000283   Thumb Code     0  startup_stm32f205xx.o(.text)
    DMA2_Stream6_IRQHandler                  0x08000283   Thumb Code     0  startup_stm32f205xx.o(.text)
    DMA2_Stream7_IRQHandler                  0x08000283   Thumb Code     0  startup_stm32f205xx.o(.text)
    EXTI0_IRQHandler                         0x08000283   Thumb Code     0  startup_stm32f205xx.o(.text)
    EXTI15_10_IRQHandler                     0x08000283   Thumb Code     0  startup_stm32f205xx.o(.text)
    EXTI1_IRQHandler                         0x08000283   Thumb Code     0  startup_stm32f205xx.o(.text)
    EXTI2_IRQHandler                         0x08000283   Thumb Code     0  startup_stm32f205xx.o(.text)
    EXTI3_IRQHandler                         0x08000283   Thumb Code     0  startup_stm32f205xx.o(.text)
    EXTI4_IRQHandler                         0x08000283   Thumb Code     0  startup_stm32f205xx.o(.text)
    EXTI9_5_IRQHandler                       0x08000283   Thumb Code     0  startup_stm32f205xx.o(.text)
    FLASH_IRQHandler                         0x08000283   Thumb Code     0  startup_stm32f205xx.o(.text)
    FSMC_IRQHandler                          0x08000283   Thumb Code     0  startup_stm32f205xx.o(.text)
    HASH_RNG_IRQHandler                      0x08000283   Thumb Code     0  startup_stm32f205xx.o(.text)
    I2C1_ER_IRQHandler                       0x08000283   Thumb Code     0  startup_stm32f205xx.o(.text)
    I2C1_EV_IRQHandler                       0x08000283   Thumb Code     0  startup_stm32f205xx.o(.text)
    I2C2_ER_IRQHandler                       0x08000283   Thumb Code     0  startup_stm32f205xx.o(.text)
    I2C2_EV_IRQHandler                       0x08000283   Thumb Code     0  startup_stm32f205xx.o(.text)
    I2C3_ER_IRQHandler                       0x08000283   Thumb Code     0  startup_stm32f205xx.o(.text)
    I2C3_EV_IRQHandler                       0x08000283   Thumb Code     0  startup_stm32f205xx.o(.text)
    OTG_FS_WKUP_IRQHandler                   0x08000283   Thumb Code     0  startup_stm32f205xx.o(.text)
    OTG_HS_EP1_IN_IRQHandler                 0x08000283   Thumb Code     0  startup_stm32f205xx.o(.text)
    OTG_HS_EP1_OUT_IRQHandler                0x08000283   Thumb Code     0  startup_stm32f205xx.o(.text)
    OTG_HS_IRQHandler                        0x08000283   Thumb Code     0  startup_stm32f205xx.o(.text)
    OTG_HS_WKUP_IRQHandler                   0x08000283   Thumb Code     0  startup_stm32f205xx.o(.text)
    PVD_IRQHandler                           0x08000283   Thumb Code     0  startup_stm32f205xx.o(.text)
    RCC_IRQHandler                           0x08000283   Thumb Code     0  startup_stm32f205xx.o(.text)
    RTC_Alarm_IRQHandler                     0x08000283   Thumb Code     0  startup_stm32f205xx.o(.text)
    RTC_WKUP_IRQHandler                      0x08000283   Thumb Code     0  startup_stm32f205xx.o(.text)
    SDIO_IRQHandler                          0x08000283   Thumb Code     0  startup_stm32f205xx.o(.text)
    SPI1_IRQHandler                          0x08000283   Thumb Code     0  startup_stm32f205xx.o(.text)
    SPI2_IRQHandler                          0x08000283   Thumb Code     0  startup_stm32f205xx.o(.text)
    SPI3_IRQHandler                          0x08000283   Thumb Code     0  startup_stm32f205xx.o(.text)
    TAMP_STAMP_IRQHandler                    0x08000283   Thumb Code     0  startup_stm32f205xx.o(.text)
    TIM1_BRK_TIM9_IRQHandler                 0x08000283   Thumb Code     0  startup_stm32f205xx.o(.text)
    TIM1_CC_IRQHandler                       0x08000283   Thumb Code     0  startup_stm32f205xx.o(.text)
    TIM1_TRG_COM_TIM11_IRQHandler            0x08000283   Thumb Code     0  startup_stm32f205xx.o(.text)
    TIM1_UP_TIM10_IRQHandler                 0x08000283   Thumb Code     0  startup_stm32f205xx.o(.text)
    TIM3_IRQHandler                          0x08000283   Thumb Code     0  startup_stm32f205xx.o(.text)
    TIM4_IRQHandler                          0x08000283   Thumb Code     0  startup_stm32f205xx.o(.text)
    TIM5_IRQHandler                          0x08000283   Thumb Code     0  startup_stm32f205xx.o(.text)
    TIM6_DAC_IRQHandler                      0x08000283   Thumb Code     0  startup_stm32f205xx.o(.text)
    TIM7_IRQHandler                          0x08000283   Thumb Code     0  startup_stm32f205xx.o(.text)
    TIM8_BRK_TIM12_IRQHandler                0x08000283   Thumb Code     0  startup_stm32f205xx.o(.text)
    TIM8_CC_IRQHandler                       0x08000283   Thumb Code     0  startup_stm32f205xx.o(.text)
    TIM8_TRG_COM_TIM14_IRQHandler            0x08000283   Thumb Code     0  startup_stm32f205xx.o(.text)
    TIM8_UP_TIM13_IRQHandler                 0x08000283   Thumb Code     0  startup_stm32f205xx.o(.text)
    UART4_IRQHandler                         0x08000283   Thumb Code     0  startup_stm32f205xx.o(.text)
    UART5_IRQHandler                         0x08000283   Thumb Code     0  startup_stm32f205xx.o(.text)
    USART1_IRQHandler                        0x08000283   Thumb Code     0  startup_stm32f205xx.o(.text)
    USART2_IRQHandler                        0x08000283   Thumb Code     0  startup_stm32f205xx.o(.text)
    USART3_IRQHandler                        0x08000283   Thumb Code     0  startup_stm32f205xx.o(.text)
    USART6_IRQHandler                        0x08000283   Thumb Code     0  startup_stm32f205xx.o(.text)
    WWDG_IRQHandler                          0x08000283   Thumb Code     0  startup_stm32f205xx.o(.text)
    __user_initial_stackheap                 0x08000285   Thumb Code     0  startup_stm32f205xx.o(.text)
    malloc                                   0x080002a9   Thumb Code    94  h1_alloc.o(.text)
    free                                     0x08000307   Thumb Code    78  h1_free.o(.text)
    __aeabi_uldivmod                         0x08000355   Thumb Code     0  lludivv7m.o(.text)
    _ll_udiv                                 0x08000355   Thumb Code   238  lludivv7m.o(.text)
    __aeabi_memcpy4                          0x08000443   Thumb Code     0  rt_memcpy_w.o(.text)
    __aeabi_memcpy8                          0x08000443   Thumb Code     0  rt_memcpy_w.o(.text)
    __rt_memcpy_w                            0x08000443   Thumb Code   100  rt_memcpy_w.o(.text)
    _memcpy_lastbytes_aligned                0x0800048b   Thumb Code     0  rt_memcpy_w.o(.text)
    __aeabi_memclr4                          0x080004a7   Thumb Code     0  rt_memclr_w.o(.text)
    __aeabi_memclr8                          0x080004a7   Thumb Code     0  rt_memclr_w.o(.text)
    __rt_memclr_w                            0x080004a7   Thumb Code    78  rt_memclr_w.o(.text)
    _memset_w                                0x080004ab   Thumb Code     0  rt_memclr_w.o(.text)
    __use_two_region_memory                  0x080004f5   Thumb Code     2  heapauxi.o(.text)
    __rt_heap_escrow                         0x080004f7   Thumb Code     2  heapauxi.o(.text)
    __rt_heap_expand                         0x080004f9   Thumb Code     2  heapauxi.o(.text)
    __rt_heap_descriptor                     0x080004fd   Thumb Code     8  rt_heap_descriptor_intlibspace.o(.text)
    __use_no_heap                            0x08000505   Thumb Code     2  hguard.o(.text)
    __heap$guard                             0x08000507   Thumb Code     2  hguard.o(.text)
    _terminate_user_alloc                    0x08000509   Thumb Code     2  init_alloc.o(.text)
    _init_user_alloc                         0x0800050b   Thumb Code     2  init_alloc.o(.text)
    __Heap_Full                              0x0800050d   Thumb Code    34  init_alloc.o(.text)
    __Heap_Broken                            0x0800052f   Thumb Code     6  init_alloc.o(.text)
    _init_alloc                              0x08000535   Thumb Code    94  init_alloc.o(.text)
    __Heap_Initialize                        0x08000593   Thumb Code    10  h1_init.o(.text)
    __Heap_DescSize                          0x0800059d   Thumb Code     4  h1_init.o(.text)
    __user_libspace                          0x080005a1   Thumb Code     8  libspace.o(.text)
    __user_perproc_libspace                  0x080005a1   Thumb Code     0  libspace.o(.text)
    __user_perthread_libspace                0x080005a1   Thumb Code     0  libspace.o(.text)
    __Heap_ProvideMemory                     0x080005a9   Thumb Code    52  h1_extend.o(.text)
    __rt_SIGRTMEM                            0x080005dd   Thumb Code    14  defsig_rtmem_outer.o(.text)
    __I$use$semihosting                      0x080005eb   Thumb Code     0  use_no_semi.o(.text)
    __use_no_semihosting_swi                 0x080005eb   Thumb Code     2  use_no_semi.o(.text)
    __semihosting_library_function           0x080005ed   Thumb Code     0  indicate_semi.o(.text)
    __user_setup_stackheap                   0x080005ed   Thumb Code    74  sys_stackheap_outer.o(.text)
    exit                                     0x08000637   Thumb Code    18  exit.o(.text)
    __sig_exit                               0x08000649   Thumb Code    10  defsig_exit.o(.text)
    __rt_SIGRTMEM_inner                      0x08000655   Thumb Code    22  defsig_rtmem_inner.o(.text)
    _sys_exit                                0x080006a5   Thumb Code     8  sys_exit.o(.text)
    __default_signal_display                 0x080006b1   Thumb Code    50  defsig_general.o(.text)
    _ttywrch                                 0x080006e3   Thumb Code    14  sys_wrch.o(.text)
    BusFault_Handler                         0x080006f1   Thumb Code     2  stm32f2xx_it.o(i.BusFault_Handler)
    CDC_Transmit_FS                          0x0800075d   Thumb Code    38  usbd_cdc_if.o(i.CDC_Transmit_FS)
    DebugMon_Handler                         0x08000789   Thumb Code     2  stm32f2xx_it.o(i.DebugMon_Handler)
    Error_Handler                            0x0800078b   Thumb Code     4  main.o(i.Error_Handler)
    HAL_Delay                                0x08000791   Thumb Code    32  stm32f2xx_hal.o(i.HAL_Delay)
    HAL_GPIO_Init                            0x080007b5   Thumb Code   598  stm32f2xx_hal_gpio.o(i.HAL_GPIO_Init)
    HAL_GPIO_WritePin                        0x08000a3d   Thumb Code    10  stm32f2xx_hal_gpio.o(i.HAL_GPIO_WritePin)
    HAL_GetTick                              0x08000a49   Thumb Code     6  stm32f2xx_hal.o(i.HAL_GetTick)
    HAL_IncTick                              0x08000a55   Thumb Code    12  stm32f2xx_hal.o(i.HAL_IncTick)
    HAL_Init                                 0x08000a65   Thumb Code    48  stm32f2xx_hal.o(i.HAL_Init)
    HAL_InitTick                             0x08000a99   Thumb Code    54  stm32f2xx_hal.o(i.HAL_InitTick)
    HAL_MspInit                              0x08000ad9   Thumb Code    42  stm32f2xx_hal_msp.o(i.HAL_MspInit)
    HAL_NVIC_EnableIRQ                       0x08000b09   Thumb Code    26  stm32f2xx_hal_cortex.o(i.HAL_NVIC_EnableIRQ)
    HAL_NVIC_SetPriority                     0x08000b25   Thumb Code    60  stm32f2xx_hal_cortex.o(i.HAL_NVIC_SetPriority)
    HAL_NVIC_SetPriorityGrouping             0x08000b65   Thumb Code    26  stm32f2xx_hal_cortex.o(i.HAL_NVIC_SetPriorityGrouping)
    HAL_PCDEx_SetRxFiFo                      0x08000b89   Thumb Code     8  stm32f2xx_hal_pcd_ex.o(i.HAL_PCDEx_SetRxFiFo)
    HAL_PCDEx_SetTxFiFo                      0x08000b91   Thumb Code    68  stm32f2xx_hal_pcd_ex.o(i.HAL_PCDEx_SetTxFiFo)
    HAL_PCD_ConnectCallback                  0x08000bd5   Thumb Code     8  usbd_conf.o(i.HAL_PCD_ConnectCallback)
    HAL_PCD_DataInStageCallback              0x08000bdd   Thumb Code    18  usbd_conf.o(i.HAL_PCD_DataInStageCallback)
    HAL_PCD_DataOutStageCallback             0x08000bef   Thumb Code    20  usbd_conf.o(i.HAL_PCD_DataOutStageCallback)
    HAL_PCD_DisconnectCallback               0x08000c03   Thumb Code     8  usbd_conf.o(i.HAL_PCD_DisconnectCallback)
    HAL_PCD_EP_Abort                         0x08000c0b   Thumb Code    30  stm32f2xx_hal_pcd.o(i.HAL_PCD_EP_Abort)
    HAL_PCD_EP_Close                         0x08000c29   Thumb Code    76  stm32f2xx_hal_pcd.o(i.HAL_PCD_EP_Close)
    HAL_PCD_EP_ClrStall                      0x08000c75   Thumb Code    92  stm32f2xx_hal_pcd.o(i.HAL_PCD_EP_ClrStall)
    HAL_PCD_EP_GetRxCount                    0x08000cd1   Thumb Code    18  stm32f2xx_hal_pcd.o(i.HAL_PCD_EP_GetRxCount)
    HAL_PCD_EP_Open                          0x08000ce3   Thumb Code    96  stm32f2xx_hal_pcd.o(i.HAL_PCD_EP_Open)
    HAL_PCD_EP_Receive                       0x08000d43   Thumb Code    56  stm32f2xx_hal_pcd.o(i.HAL_PCD_EP_Receive)
    HAL_PCD_EP_SetStall                      0x08000d7b   Thumb Code   116  stm32f2xx_hal_pcd.o(i.HAL_PCD_EP_SetStall)
    HAL_PCD_EP_Transmit                      0x08000def   Thumb Code    52  stm32f2xx_hal_pcd.o(i.HAL_PCD_EP_Transmit)
    HAL_PCD_IRQHandler                       0x08000e25   Thumb Code  1354  stm32f2xx_hal_pcd.o(i.HAL_PCD_IRQHandler)
    HAL_PCD_ISOINIncompleteCallback          0x0800136f   Thumb Code     8  usbd_conf.o(i.HAL_PCD_ISOINIncompleteCallback)
    HAL_PCD_ISOOUTIncompleteCallback         0x08001377   Thumb Code     8  usbd_conf.o(i.HAL_PCD_ISOOUTIncompleteCallback)
    HAL_PCD_Init                             0x0800137f   Thumb Code   226  stm32f2xx_hal_pcd.o(i.HAL_PCD_Init)
    HAL_PCD_MspInit                          0x08001461   Thumb Code   122  usbd_conf.o(i.HAL_PCD_MspInit)
    HAL_PCD_ResetCallback                    0x080014e5   Thumb Code    44  usbd_conf.o(i.HAL_PCD_ResetCallback)
    HAL_PCD_ResumeCallback                   0x08001511   Thumb Code     8  usbd_conf.o(i.HAL_PCD_ResumeCallback)
    HAL_PCD_SOFCallback                      0x08001519   Thumb Code     8  usbd_conf.o(i.HAL_PCD_SOFCallback)
    HAL_PCD_SetAddress                       0x08001521   Thumb Code    40  stm32f2xx_hal_pcd.o(i.HAL_PCD_SetAddress)
    HAL_PCD_SetupStageCallback               0x08001549   Thumb Code    14  usbd_conf.o(i.HAL_PCD_SetupStageCallback)
    HAL_PCD_Start                            0x08001557   Thumb Code    42  stm32f2xx_hal_pcd.o(i.HAL_PCD_Start)
    HAL_PCD_SuspendCallback                  0x08001581   Thumb Code    44  usbd_conf.o(i.HAL_PCD_SuspendCallback)
    HAL_RCC_ClockConfig                      0x080015b1   Thumb Code   296  stm32f2xx_hal_rcc.o(i.HAL_RCC_ClockConfig)
    HAL_RCC_GetHCLKFreq                      0x080016ed   Thumb Code     6  stm32f2xx_hal_rcc.o(i.HAL_RCC_GetHCLKFreq)
    HAL_RCC_GetSysClockFreq                  0x080016f9   Thumb Code    88  stm32f2xx_hal_rcc.o(i.HAL_RCC_GetSysClockFreq)
    HAL_RCC_OscConfig                        0x0800175d   Thumb Code   818  stm32f2xx_hal_rcc.o(i.HAL_RCC_OscConfig)
    HAL_SYSTICK_Config                       0x08001aa9   Thumb Code    40  stm32f2xx_hal_cortex.o(i.HAL_SYSTICK_Config)
    HAL_TIMEx_BreakCallback                  0x08001ad1   Thumb Code     2  stm32f2xx_hal_tim_ex.o(i.HAL_TIMEx_BreakCallback)
    HAL_TIMEx_CommutCallback                 0x08001ad3   Thumb Code     2  stm32f2xx_hal_tim_ex.o(i.HAL_TIMEx_CommutCallback)
    HAL_TIMEx_MasterConfigSynchronization    0x08001ad5   Thumb Code   116  stm32f2xx_hal_tim_ex.o(i.HAL_TIMEx_MasterConfigSynchronization)
    HAL_TIM_Base_Init                        0x08001b65   Thumb Code    90  stm32f2xx_hal_tim.o(i.HAL_TIM_Base_Init)
    HAL_TIM_Base_MspInit                     0x08001bc1   Thumb Code    50  tim.o(i.HAL_TIM_Base_MspInit)
    HAL_TIM_ConfigClockSource                0x08001bf9   Thumb Code   220  stm32f2xx_hal_tim.o(i.HAL_TIM_ConfigClockSource)
    HAL_TIM_IC_CaptureCallback               0x08001cd5   Thumb Code     2  stm32f2xx_hal_tim.o(i.HAL_TIM_IC_CaptureCallback)
    HAL_TIM_IRQHandler                       0x08001cd7   Thumb Code   358  stm32f2xx_hal_tim.o(i.HAL_TIM_IRQHandler)
    HAL_TIM_MspPostInit                      0x08001e3d   Thumb Code    68  tim.o(i.HAL_TIM_MspPostInit)
    HAL_TIM_OC_DelayElapsedCallback          0x08001e89   Thumb Code     2  stm32f2xx_hal_tim.o(i.HAL_TIM_OC_DelayElapsedCallback)
    HAL_TIM_PWM_ConfigChannel                0x08001e8b   Thumb Code   204  stm32f2xx_hal_tim.o(i.HAL_TIM_PWM_ConfigChannel)
    HAL_TIM_PWM_Init                         0x08001f57   Thumb Code    90  stm32f2xx_hal_tim.o(i.HAL_TIM_PWM_Init)
    HAL_TIM_PWM_MspInit                      0x08001fb1   Thumb Code     2  stm32f2xx_hal_tim.o(i.HAL_TIM_PWM_MspInit)
    HAL_TIM_PWM_PulseFinishedCallback        0x08001fb3   Thumb Code     2  stm32f2xx_hal_tim.o(i.HAL_TIM_PWM_PulseFinishedCallback)
    HAL_TIM_PWM_Start_IT                     0x08001fb5   Thumb Code   216  stm32f2xx_hal_tim.o(i.HAL_TIM_PWM_Start_IT)
    HAL_TIM_PWM_Stop_IT                      0x080020a9   Thumb Code   178  stm32f2xx_hal_tim.o(i.HAL_TIM_PWM_Stop_IT)
    HAL_TIM_PeriodElapsedCallback            0x08002165   Thumb Code     2  stm32f2xx_hal_tim.o(i.HAL_TIM_PeriodElapsedCallback)
    HAL_TIM_TriggerCallback                  0x08002167   Thumb Code     2  stm32f2xx_hal_tim.o(i.HAL_TIM_TriggerCallback)
    HardFault_Handler                        0x08002169   Thumb Code     2  stm32f2xx_it.o(i.HardFault_Handler)
    MX_GPIO_Init                             0x080021a5   Thumb Code   140  gpio.o(i.MX_GPIO_Init)
    MX_TIM2_Init                             0x0800223d   Thumb Code   142  tim.o(i.MX_TIM2_Init)
    MX_USB_DEVICE_Init                       0x080022d1   Thumb Code    66  usb_device.o(i.MX_USB_DEVICE_Init)
    MemManage_Handler                        0x08002325   Thumb Code     2  stm32f2xx_it.o(i.MemManage_Handler)
    NMI_Handler                              0x08002327   Thumb Code     2  stm32f2xx_it.o(i.NMI_Handler)
    OTG_FS_IRQHandler                        0x08002329   Thumb Code     6  stm32f2xx_it.o(i.OTG_FS_IRQHandler)
    PendSV_Handler                           0x080024a3   Thumb Code     2  stm32f2xx_it.o(i.PendSV_Handler)
    SVC_Handler                              0x080024a5   Thumb Code     2  stm32f2xx_it.o(i.SVC_Handler)
    SysTick_Handler                          0x080024a7   Thumb Code     4  stm32f2xx_it.o(i.SysTick_Handler)
    SystemClock_Config                       0x080024ab   Thumb Code   106  main.o(i.SystemClock_Config)
    SystemInit                               0x08002515   Thumb Code     2  system_stm32f2xx.o(i.SystemInit)
    TIM2_IRQHandler                          0x08002519   Thumb Code     6  stm32f2xx_it.o(i.TIM2_IRQHandler)
    TIM_Base_SetConfig                       0x08002525   Thumb Code   156  stm32f2xx_hal_tim.o(i.TIM_Base_SetConfig)
    TIM_CCxChannelCmd                        0x080025ed   Thumb Code    26  stm32f2xx_hal_tim.o(i.TIM_CCxChannelCmd)
    TIM_ETR_SetConfig                        0x08002607   Thumb Code    20  stm32f2xx_hal_tim.o(i.TIM_ETR_SetConfig)
    TIM_OC2_SetConfig                        0x0800268d   Thumb Code    98  stm32f2xx_hal_tim.o(i.TIM_OC2_SetConfig)
    USBD_CDC_GetDeviceQualifierDescriptor    0x080028d9   Thumb Code     8  usbd_cdc.o(i.USBD_CDC_GetDeviceQualifierDescriptor)
    USBD_CDC_ReceivePacket                   0x0800299d   Thumb Code    40  usbd_cdc.o(i.USBD_CDC_ReceivePacket)
    USBD_CDC_RegisterInterface               0x080029c5   Thumb Code    16  usbd_cdc.o(i.USBD_CDC_RegisterInterface)
    USBD_CDC_SetRxBuffer                     0x080029d5   Thumb Code    12  usbd_cdc.o(i.USBD_CDC_SetRxBuffer)
    USBD_CDC_SetTxBuffer                     0x080029e1   Thumb Code    16  usbd_cdc.o(i.USBD_CDC_SetTxBuffer)
    USBD_CDC_TransmitPacket                  0x08002a9d   Thumb Code    54  usbd_cdc.o(i.USBD_CDC_TransmitPacket)
    USBD_ClrClassConfig                      0x08002ad3   Thumb Code    14  usbd_core.o(i.USBD_ClrClassConfig)
    USBD_CtlContinueRx                       0x08002ae1   Thumb Code    16  usbd_ioreq.o(i.USBD_CtlContinueRx)
    USBD_CtlContinueSendData                 0x08002af1   Thumb Code    16  usbd_ioreq.o(i.USBD_CtlContinueSendData)
    USBD_CtlError                            0x08002b01   Thumb Code    22  usbd_ctlreq.o(i.USBD_CtlError)
    USBD_CtlPrepareRx                        0x08002b17   Thumb Code    30  usbd_ioreq.o(i.USBD_CtlPrepareRx)
    USBD_CtlReceiveStatus                    0x08002b35   Thumb Code    22  usbd_ioreq.o(i.USBD_CtlReceiveStatus)
    USBD_CtlSendData                         0x08002b4b   Thumb Code    26  usbd_ioreq.o(i.USBD_CtlSendData)
    USBD_CtlSendStatus                       0x08002b65   Thumb Code    22  usbd_ioreq.o(i.USBD_CtlSendStatus)
    USBD_FS_ConfigStrDescriptor              0x08002b7d   Thumb Code    16  usbd_desc.o(i.USBD_FS_ConfigStrDescriptor)
    USBD_FS_DeviceDescriptor                 0x08002b9d   Thumb Code     8  usbd_desc.o(i.USBD_FS_DeviceDescriptor)
    USBD_FS_InterfaceStrDescriptor           0x08002ba9   Thumb Code    16  usbd_desc.o(i.USBD_FS_InterfaceStrDescriptor)
    USBD_FS_LangIDStrDescriptor              0x08002bcd   Thumb Code     8  usbd_desc.o(i.USBD_FS_LangIDStrDescriptor)
    USBD_FS_ManufacturerStrDescriptor        0x08002bd9   Thumb Code    16  usbd_desc.o(i.USBD_FS_ManufacturerStrDescriptor)
    USBD_FS_ProductStrDescriptor             0x08002c01   Thumb Code    16  usbd_desc.o(i.USBD_FS_ProductStrDescriptor)
    USBD_FS_SerialStrDescriptor              0x08002c2d   Thumb Code    48  usbd_desc.o(i.USBD_FS_SerialStrDescriptor)
    USBD_GetString                           0x08002d4d   Thumb Code    72  usbd_ctlreq.o(i.USBD_GetString)
    USBD_Get_USB_Status                      0x08002d95   Thumb Code    24  usbd_conf.o(i.USBD_Get_USB_Status)
    USBD_Init                                0x08002dad   Thumb Code    42  usbd_core.o(i.USBD_Init)
    USBD_LL_ClearStallEP                     0x08002dd7   Thumb Code    18  usbd_conf.o(i.USBD_LL_ClearStallEP)
    USBD_LL_CloseEP                          0x08002de9   Thumb Code    18  usbd_conf.o(i.USBD_LL_CloseEP)
    USBD_LL_DataInStage                      0x08002dfb   Thumb Code   198  usbd_core.o(i.USBD_LL_DataInStage)
    USBD_LL_DataOutStage                     0x08002ec1   Thumb Code   130  usbd_core.o(i.USBD_LL_DataOutStage)
    USBD_LL_DevConnected                     0x08002f43   Thumb Code     4  usbd_core.o(i.USBD_LL_DevConnected)
    USBD_LL_DevDisconnected                  0x08002f47   Thumb Code    22  usbd_core.o(i.USBD_LL_DevDisconnected)
    USBD_LL_GetRxDataSize                    0x08002f5d   Thumb Code     8  usbd_conf.o(i.USBD_LL_GetRxDataSize)
    USBD_LL_Init                             0x08002f65   Thumb Code    88  usbd_conf.o(i.USBD_LL_Init)
    USBD_LL_IsStallEP                        0x08002fc1   Thumb Code    32  usbd_conf.o(i.USBD_LL_IsStallEP)
    USBD_LL_IsoINIncomplete                  0x08002fe1   Thumb Code     4  usbd_core.o(i.USBD_LL_IsoINIncomplete)
    USBD_LL_IsoOUTIncomplete                 0x08002fe5   Thumb Code     4  usbd_core.o(i.USBD_LL_IsoOUTIncomplete)
    USBD_LL_OpenEP                           0x08002fe9   Thumb Code    24  usbd_conf.o(i.USBD_LL_OpenEP)
    USBD_LL_PrepareReceive                   0x08003001   Thumb Code    18  usbd_conf.o(i.USBD_LL_PrepareReceive)
    USBD_LL_Reset                            0x08003013   Thumb Code    80  usbd_core.o(i.USBD_LL_Reset)
    USBD_LL_Resume                           0x08003063   Thumb Code    20  usbd_core.o(i.USBD_LL_Resume)
    USBD_LL_SOF                              0x08003077   Thumb Code    24  usbd_core.o(i.USBD_LL_SOF)
    USBD_LL_SetSpeed                         0x0800308f   Thumb Code     6  usbd_core.o(i.USBD_LL_SetSpeed)
    USBD_LL_SetUSBAddress                    0x08003095   Thumb Code    18  usbd_conf.o(i.USBD_LL_SetUSBAddress)
    USBD_LL_SetupStage                       0x080030a7   Thumb Code    90  usbd_core.o(i.USBD_LL_SetupStage)
    USBD_LL_StallEP                          0x08003101   Thumb Code    18  usbd_conf.o(i.USBD_LL_StallEP)
    USBD_LL_Start                            0x08003113   Thumb Code    18  usbd_conf.o(i.USBD_LL_Start)
    USBD_LL_Suspend                          0x08003125   Thumb Code    18  usbd_core.o(i.USBD_LL_Suspend)
    USBD_LL_Transmit                         0x08003137   Thumb Code    18  usbd_conf.o(i.USBD_LL_Transmit)
    USBD_ParseSetupRequest                   0x08003149   Thumb Code    40  usbd_ctlreq.o(i.USBD_ParseSetupRequest)
    USBD_RegisterClass                       0x08003171   Thumb Code    16  usbd_core.o(i.USBD_RegisterClass)
    USBD_SetClassConfig                      0x08003181   Thumb Code    22  usbd_core.o(i.USBD_SetClassConfig)
    USBD_Start                               0x0800321d   Thumb Code    10  usbd_core.o(i.USBD_Start)
    USBD_StdDevReq                           0x08003227   Thumb Code   274  usbd_ctlreq.o(i.USBD_StdDevReq)
    USBD_StdEPReq                            0x08003339   Thumb Code   336  usbd_ctlreq.o(i.USBD_StdEPReq)
    USBD_StdItfReq                           0x08003489   Thumb Code    78  usbd_ctlreq.o(i.USBD_StdItfReq)
    USB_ActivateEndpoint                     0x080034d9   Thumb Code   122  stm32f2xx_ll_usb.o(i.USB_ActivateEndpoint)
    USB_ActivateSetup                        0x08003559   Thumb Code    28  stm32f2xx_ll_usb.o(i.USB_ActivateSetup)
    USB_CoreInit                             0x08003575   Thumb Code   102  stm32f2xx_ll_usb.o(i.USB_CoreInit)
    USB_DeactivateEndpoint                   0x08003621   Thumb Code   194  stm32f2xx_ll_usb.o(i.USB_DeactivateEndpoint)
    USB_DevConnect                           0x080036ed   Thumb Code    28  stm32f2xx_ll_usb.o(i.USB_DevConnect)
    USB_DevDisconnect                        0x08003709   Thumb Code    28  stm32f2xx_ll_usb.o(i.USB_DevDisconnect)
    USB_DevInit                              0x08003725   Thumb Code   368  stm32f2xx_ll_usb.o(i.USB_DevInit)
    USB_DisableGlobalInt                     0x0800389d   Thumb Code    12  stm32f2xx_ll_usb.o(i.USB_DisableGlobalInt)
    USB_EP0_OutStart                         0x080038a9   Thumb Code    84  stm32f2xx_ll_usb.o(i.USB_EP0_OutStart)
    USB_EPClearStall                         0x08003901   Thumb Code    88  stm32f2xx_ll_usb.o(i.USB_EPClearStall)
    USB_EPSetStall                           0x08003959   Thumb Code    88  stm32f2xx_ll_usb.o(i.USB_EPSetStall)
    USB_EPStartXfer                          0x080039b1   Thumb Code   554  stm32f2xx_ll_usb.o(i.USB_EPStartXfer)
    USB_EPStopXfer                           0x08003be1   Thumb Code   158  stm32f2xx_ll_usb.o(i.USB_EPStopXfer)
    USB_EnableGlobalInt                      0x08003c7f   Thumb Code    12  stm32f2xx_ll_usb.o(i.USB_EnableGlobalInt)
    USB_FlushRxFifo                          0x08003c8d   Thumb Code    54  stm32f2xx_ll_usb.o(i.USB_FlushRxFifo)
    USB_FlushTxFifo                          0x08003cc9   Thumb Code    58  stm32f2xx_ll_usb.o(i.USB_FlushTxFifo)
    USB_GetDevSpeed                          0x08003d09   Thumb Code    26  stm32f2xx_ll_usb.o(i.USB_GetDevSpeed)
    USB_GetMode                              0x08003d23   Thumb Code     8  stm32f2xx_ll_usb.o(i.USB_GetMode)
    USB_ReadDevAllInEpInterrupt              0x08003d2b   Thumb Code    14  stm32f2xx_ll_usb.o(i.USB_ReadDevAllInEpInterrupt)
    USB_ReadDevAllOutEpInterrupt             0x08003d39   Thumb Code    14  stm32f2xx_ll_usb.o(i.USB_ReadDevAllOutEpInterrupt)
    USB_ReadDevInEPInterrupt                 0x08003d47   Thumb Code    36  stm32f2xx_ll_usb.o(i.USB_ReadDevInEPInterrupt)
    USB_ReadDevOutEPInterrupt                0x08003d6b   Thumb Code    16  stm32f2xx_ll_usb.o(i.USB_ReadDevOutEPInterrupt)
    USB_ReadInterrupts                       0x08003d7b   Thumb Code     8  stm32f2xx_ll_usb.o(i.USB_ReadInterrupts)
    USB_ReadPacket                           0x08003d83   Thumb Code    62  stm32f2xx_ll_usb.o(i.USB_ReadPacket)
    USB_SetCurrentMode                       0x08003dc1   Thumb Code    92  stm32f2xx_ll_usb.o(i.USB_SetCurrentMode)
    USB_SetDevAddress                        0x08003e1d   Thumb Code    34  stm32f2xx_ll_usb.o(i.USB_SetDevAddress)
    USB_SetTurnaroundTime                    0x08003e41   Thumb Code   158  stm32f2xx_ll_usb.o(i.USB_SetTurnaroundTime)
    USB_WritePacket                          0x08003f29   Thumb Code    40  stm32f2xx_ll_usb.o(i.USB_WritePacket)
    UsageFault_Handler                       0x08003f51   Thumb Code     2  stm32f2xx_it.o(i.UsageFault_Handler)
    main                                     0x08003f75   Thumb Code   108  main.o(i.main)
    AHBPrescTable                            0x08003fe8   Data          16  system_stm32f2xx.o(.constdata)
    Region$$Table$$Base                      0x08003ff8   Number         0  anon$$obj.o(Region$$Table)
    Region$$Table$$Limit                     0x08004018   Number         0  anon$$obj.o(Region$$Table)
    FS_Desc                                  0x20000000   Data          28  usbd_desc.o(.data)
    USBD_LangIDDesc                          0x2000001c   Data           4  usbd_desc.o(.data)
    USBD_FS_DeviceDesc                       0x20000020   Data          18  usbd_desc.o(.data)
    USBD_StringSerial                        0x20000034   Data          26  usbd_desc.o(.data)
    USBD_Interface_fops_FS                   0x20000050   Data          16  usbd_cdc_if.o(.data)
    USB_RX_MSG                               0x20000060   Data           8  usbd_cdc_if.o(.data)
    uwTickFreq                               0x20000068   Data           1  stm32f2xx_hal.o(.data)
    uwTickPrio                               0x2000006c   Data           4  stm32f2xx_hal.o(.data)
    uwTick                                   0x20000070   Data           4  stm32f2xx_hal.o(.data)
    SystemCoreClock                          0x20000074   Data           4  system_stm32f2xx.o(.data)
    USBD_CDC_CfgHSDesc                       0x20000088   Data          67  usbd_cdc.o(.data)
    USBD_CDC_CfgFSDesc                       0x200000cc   Data          67  usbd_cdc.o(.data)
    USBD_CDC_OtherSpeedCfgDesc               0x20000110   Data          67  usbd_cdc.o(.data)
    USBD_CDC                                 0x20000154   Data          56  usbd_cdc.o(.data)
    htim2                                    0x2000018c   Data          72  tim.o(.bss)
    hUsbDeviceFS                             0x200001d4   Data         708  usb_device.o(.bss)
    USBD_StrDesc                             0x20000498   Data         512  usbd_desc.o(.bss)
    UserRxBufferFS                           0x20000698   Data        2048  usbd_cdc_if.o(.bss)
    UserTxBufferFS                           0x20000e98   Data        2048  usbd_cdc_if.o(.bss)
    hpcd_USB_OTG_FS                          0x20001698   Data        1284  usbd_conf.o(.bss)
    __libspace_start                         0x20001b9c   Data          96  libspace.o(.bss)
    __temporary_stack_top$libspace           0x20001bfc   Data           0  libspace.o(.bss)



==============================================================================

Memory Map of the image

  Image Entry point : 0x08000185

  Load Region LR_IROM1 (Base: 0x08000000, Size: 0x000041a4, Max: 0x00080000, ABSOLUTE, COMPRESSED[0x000040d8])

    Execution Region ER_IROM1 (Exec base: 0x08000000, Load base: 0x08000000, Size: 0x00004018, Max: 0x00080000, ABSOLUTE)

    Exec Addr    Load Addr    Size         Type   Attr      Idx    E Section Name        Object

    0x08000000   0x08000000   0x00000184   Data   RO            3    RESET               startup_stm32f205xx.o
    0x08000184   0x08000184   0x00000008   Code   RO         3873  * !!!main             c_w.l(__main.o)
    0x0800018c   0x0800018c   0x00000034   Code   RO         4086    !!!scatter          c_w.l(__scatter.o)
    0x080001c0   0x080001c0   0x0000005a   Code   RO         4084    !!dczerorl2         c_w.l(__dczerorl2.o)
    0x0800021a   0x0800021a   0x00000002   PAD
    0x0800021c   0x0800021c   0x0000001c   Code   RO         4088    !!handler_zi        c_w.l(__scatter_zi.o)
    0x08000238   0x08000238   0x00000002   Code   RO         4023    .ARM.Collect$$libinit$$00000000  c_w.l(libinit.o)
    0x0800023a   0x0800023a   0x00000000   Code   RO         3910    .ARM.Collect$$libinit$$00000002  c_w.l(libinit2.o)
    0x0800023a   0x0800023a   0x00000000   Code   RO         3912    .ARM.Collect$$libinit$$00000004  c_w.l(libinit2.o)
    0x0800023a   0x0800023a   0x00000008   Code   RO         3913    .ARM.Collect$$libinit$$00000005  c_w.l(libinit2.o)
    0x08000242   0x08000242   0x00000000   Code   RO         3915    .ARM.Collect$$libinit$$0000000A  c_w.l(libinit2.o)
    0x08000242   0x08000242   0x00000000   Code   RO         3917    .ARM.Collect$$libinit$$0000000C  c_w.l(libinit2.o)
    0x08000242   0x08000242   0x00000000   Code   RO         3919    .ARM.Collect$$libinit$$0000000E  c_w.l(libinit2.o)
    0x08000242   0x08000242   0x00000000   Code   RO         3922    .ARM.Collect$$libinit$$00000011  c_w.l(libinit2.o)
    0x08000242   0x08000242   0x00000000   Code   RO         3924    .ARM.Collect$$libinit$$00000013  c_w.l(libinit2.o)
    0x08000242   0x08000242   0x00000000   Code   RO         3926    .ARM.Collect$$libinit$$00000015  c_w.l(libinit2.o)
    0x08000242   0x08000242   0x00000000   Code   RO         3928    .ARM.Collect$$libinit$$00000017  c_w.l(libinit2.o)
    0x08000242   0x08000242   0x00000000   Code   RO         3930    .ARM.Collect$$libinit$$00000019  c_w.l(libinit2.o)
    0x08000242   0x08000242   0x00000000   Code   RO         3932    .ARM.Collect$$libinit$$0000001B  c_w.l(libinit2.o)
    0x08000242   0x08000242   0x00000000   Code   RO         3934    .ARM.Collect$$libinit$$0000001D  c_w.l(libinit2.o)
    0x08000242   0x08000242   0x00000000   Code   RO         3936    .ARM.Collect$$libinit$$0000001F  c_w.l(libinit2.o)
    0x08000242   0x08000242   0x00000000   Code   RO         3938    .ARM.Collect$$libinit$$00000021  c_w.l(libinit2.o)
    0x08000242   0x08000242   0x00000000   Code   RO         3940    .ARM.Collect$$libinit$$00000023  c_w.l(libinit2.o)
    0x08000242   0x08000242   0x00000000   Code   RO         3942    .ARM.Collect$$libinit$$00000025  c_w.l(libinit2.o)
    0x08000242   0x08000242   0x00000000   Code   RO         3946    .ARM.Collect$$libinit$$0000002C  c_w.l(libinit2.o)
    0x08000242   0x08000242   0x00000000   Code   RO         3948    .ARM.Collect$$libinit$$0000002E  c_w.l(libinit2.o)
    0x08000242   0x08000242   0x00000000   Code   RO         3950    .ARM.Collect$$libinit$$00000030  c_w.l(libinit2.o)
    0x08000242   0x08000242   0x00000000   Code   RO         3952    .ARM.Collect$$libinit$$00000032  c_w.l(libinit2.o)
    0x08000242   0x08000242   0x00000002   Code   RO         3953    .ARM.Collect$$libinit$$00000033  c_w.l(libinit2.o)
    0x08000244   0x08000244   0x00000002   Code   RO         4081    .ARM.Collect$$libshutdown$$00000000  c_w.l(libshutdown.o)
    0x08000246   0x08000246   0x00000000   Code   RO         4039    .ARM.Collect$$libshutdown$$00000002  c_w.l(libshutdown2.o)
    0x08000246   0x08000246   0x00000000   Code   RO         4041    .ARM.Collect$$libshutdown$$00000004  c_w.l(libshutdown2.o)
    0x08000246   0x08000246   0x00000000   Code   RO         4044    .ARM.Collect$$libshutdown$$00000007  c_w.l(libshutdown2.o)
    0x08000246   0x08000246   0x00000000   Code   RO         4047    .ARM.Collect$$libshutdown$$0000000A  c_w.l(libshutdown2.o)
    0x08000246   0x08000246   0x00000000   Code   RO         4049    .ARM.Collect$$libshutdown$$0000000C  c_w.l(libshutdown2.o)
    0x08000246   0x08000246   0x00000000   Code   RO         4052    .ARM.Collect$$libshutdown$$0000000F  c_w.l(libshutdown2.o)
    0x08000246   0x08000246   0x00000002   Code   RO         4053    .ARM.Collect$$libshutdown$$00000010  c_w.l(libshutdown2.o)
    0x08000248   0x08000248   0x00000000   Code   RO         3877    .ARM.Collect$$rtentry$$00000000  c_w.l(__rtentry.o)
    0x08000248   0x08000248   0x00000000   Code   RO         3960    .ARM.Collect$$rtentry$$00000002  c_w.l(__rtentry2.o)
    0x08000248   0x08000248   0x00000006   Code   RO         3972    .ARM.Collect$$rtentry$$00000004  c_w.l(__rtentry4.o)
    0x0800024e   0x0800024e   0x00000000   Code   RO         3962    .ARM.Collect$$rtentry$$00000009  c_w.l(__rtentry2.o)
    0x0800024e   0x0800024e   0x00000004   Code   RO         3963    .ARM.Collect$$rtentry$$0000000A  c_w.l(__rtentry2.o)
    0x08000252   0x08000252   0x00000000   Code   RO         3965    .ARM.Collect$$rtentry$$0000000C  c_w.l(__rtentry2.o)
    0x08000252   0x08000252   0x00000008   Code   RO         3966    .ARM.Collect$$rtentry$$0000000D  c_w.l(__rtentry2.o)
    0x0800025a   0x0800025a   0x00000002   Code   RO         4026    .ARM.Collect$$rtexit$$00000000  c_w.l(rtexit.o)
    0x0800025c   0x0800025c   0x00000000   Code   RO         4057    .ARM.Collect$$rtexit$$00000002  c_w.l(rtexit2.o)
    0x0800025c   0x0800025c   0x00000004   Code   RO         4058    .ARM.Collect$$rtexit$$00000003  c_w.l(rtexit2.o)
    0x08000260   0x08000260   0x00000006   Code   RO         4059    .ARM.Collect$$rtexit$$00000004  c_w.l(rtexit2.o)
    0x08000266   0x08000266   0x00000002   PAD
    0x08000268   0x08000268   0x00000000   Code   RO         3978    .emb_text           c_w.l(maybetermalloc1.o)
    0x08000268   0x08000268   0x00000040   Code   RO            4    .text               startup_stm32f205xx.o
    0x080002a8   0x080002a8   0x0000005e   Code   RO         3807    .text               c_w.l(h1_alloc.o)
    0x08000306   0x08000306   0x0000004e   Code   RO         3809    .text               c_w.l(h1_free.o)
    0x08000354   0x08000354   0x000000ee   Code   RO         3865    .text               c_w.l(lludivv7m.o)
    0x08000442   0x08000442   0x00000064   Code   RO         3867    .text               c_w.l(rt_memcpy_w.o)
    0x080004a6   0x080004a6   0x0000004e   Code   RO         3869    .text               c_w.l(rt_memclr_w.o)
    0x080004f4   0x080004f4   0x00000006   Code   RO         3871    .text               c_w.l(heapauxi.o)
    0x080004fa   0x080004fa   0x00000002   PAD
    0x080004fc   0x080004fc   0x00000008   Code   RO         3885    .text               c_w.l(rt_heap_descriptor_intlibspace.o)
    0x08000504   0x08000504   0x00000004   Code   RO         3887    .text               c_w.l(hguard.o)
    0x08000508   0x08000508   0x0000008a   Code   RO         3889    .text               c_w.l(init_alloc.o)
    0x08000592   0x08000592   0x0000000e   Code   RO         3893    .text               c_w.l(h1_init.o)
    0x080005a0   0x080005a0   0x00000008   Code   RO         3956    .text               c_w.l(libspace.o)
    0x080005a8   0x080005a8   0x00000034   Code   RO         3980    .text               c_w.l(h1_extend.o)
    0x080005dc   0x080005dc   0x0000000e   Code   RO         3984    .text               c_w.l(defsig_rtmem_outer.o)
    0x080005ea   0x080005ea   0x00000002   Code   RO         3995    .text               c_w.l(use_no_semi.o)
    0x080005ec   0x080005ec   0x00000000   Code   RO         3997    .text               c_w.l(indicate_semi.o)
    0x080005ec   0x080005ec   0x0000004a   Code   RO         3998    .text               c_w.l(sys_stackheap_outer.o)
    0x08000636   0x08000636   0x00000012   Code   RO         4004    .text               c_w.l(exit.o)
    0x08000648   0x08000648   0x0000000a   Code   RO         4006    .text               c_w.l(defsig_exit.o)
    0x08000652   0x08000652   0x00000002   PAD
    0x08000654   0x08000654   0x00000050   Code   RO         4012    .text               c_w.l(defsig_rtmem_inner.o)
    0x080006a4   0x080006a4   0x0000000c   Code   RO         4024    .text               c_w.l(sys_exit.o)
    0x080006b0   0x080006b0   0x00000032   Code   RO         4034    .text               c_w.l(defsig_general.o)
    0x080006e2   0x080006e2   0x0000000e   Code   RO         4054    .text               c_w.l(sys_wrch.o)
    0x080006f0   0x080006f0   0x00000002   Code   RO          255    i.BusFault_Handler  stm32f2xx_it.o
    0x080006f2   0x080006f2   0x00000004   Code   RO          501    i.CDC_Control_FS    usbd_cdc_if.o
    0x080006f6   0x080006f6   0x00000004   Code   RO          502    i.CDC_DeInit_FS     usbd_cdc_if.o
    0x080006fa   0x080006fa   0x00000002   PAD
    0x080006fc   0x080006fc   0x00000024   Code   RO          503    i.CDC_Init_FS       usbd_cdc_if.o
    0x08000720   0x08000720   0x0000003c   Code   RO          504    i.CDC_Receive_FS    usbd_cdc_if.o
    0x0800075c   0x0800075c   0x0000002c   Code   RO          505    i.CDC_Transmit_FS   usbd_cdc_if.o
    0x08000788   0x08000788   0x00000002   Code   RO          256    i.DebugMon_Handler  stm32f2xx_it.o
    0x0800078a   0x0800078a   0x00000004   Code   RO           13    i.Error_Handler     main.o
    0x0800078e   0x0800078e   0x00000002   PAD
    0x08000790   0x08000790   0x00000024   Code   RO         1341    i.HAL_Delay         stm32f2xx_hal.o
    0x080007b4   0x080007b4   0x00000288   Code   RO         2142    i.HAL_GPIO_Init     stm32f2xx_hal_gpio.o
    0x08000a3c   0x08000a3c   0x0000000a   Code   RO         2146    i.HAL_GPIO_WritePin  stm32f2xx_hal_gpio.o
    0x08000a46   0x08000a46   0x00000002   PAD
    0x08000a48   0x08000a48   0x0000000c   Code   RO         1347    i.HAL_GetTick       stm32f2xx_hal.o
    0x08000a54   0x08000a54   0x00000010   Code   RO         1353    i.HAL_IncTick       stm32f2xx_hal.o
    0x08000a64   0x08000a64   0x00000034   Code   RO         1354    i.HAL_Init          stm32f2xx_hal.o
    0x08000a98   0x08000a98   0x00000040   Code   RO         1355    i.HAL_InitTick      stm32f2xx_hal.o
    0x08000ad8   0x08000ad8   0x00000030   Code   RO          343    i.HAL_MspInit       stm32f2xx_hal_msp.o
    0x08000b08   0x08000b08   0x0000001a   Code   RO         1669    i.HAL_NVIC_EnableIRQ  stm32f2xx_hal_cortex.o
    0x08000b22   0x08000b22   0x00000002   PAD
    0x08000b24   0x08000b24   0x00000040   Code   RO         1675    i.HAL_NVIC_SetPriority  stm32f2xx_hal_cortex.o
    0x08000b64   0x08000b64   0x00000024   Code   RO         1676    i.HAL_NVIC_SetPriorityGrouping  stm32f2xx_hal_cortex.o
    0x08000b88   0x08000b88   0x00000008   Code   RO          751    i.HAL_PCDEx_SetRxFiFo  stm32f2xx_hal_pcd_ex.o
    0x08000b90   0x08000b90   0x00000044   Code   RO          752    i.HAL_PCDEx_SetTxFiFo  stm32f2xx_hal_pcd_ex.o
    0x08000bd4   0x08000bd4   0x00000008   Code   RO          554    i.HAL_PCD_ConnectCallback  usbd_conf.o
    0x08000bdc   0x08000bdc   0x00000012   Code   RO          555    i.HAL_PCD_DataInStageCallback  usbd_conf.o
    0x08000bee   0x08000bee   0x00000014   Code   RO          556    i.HAL_PCD_DataOutStageCallback  usbd_conf.o
    0x08000c02   0x08000c02   0x00000008   Code   RO          557    i.HAL_PCD_DisconnectCallback  usbd_conf.o
    0x08000c0a   0x08000c0a   0x0000001e   Code   RO          800    i.HAL_PCD_EP_Abort  stm32f2xx_hal_pcd.o
    0x08000c28   0x08000c28   0x0000004c   Code   RO          801    i.HAL_PCD_EP_Close  stm32f2xx_hal_pcd.o
    0x08000c74   0x08000c74   0x0000005c   Code   RO          802    i.HAL_PCD_EP_ClrStall  stm32f2xx_hal_pcd.o
    0x08000cd0   0x08000cd0   0x00000012   Code   RO          804    i.HAL_PCD_EP_GetRxCount  stm32f2xx_hal_pcd.o
    0x08000ce2   0x08000ce2   0x00000060   Code   RO          805    i.HAL_PCD_EP_Open   stm32f2xx_hal_pcd.o
    0x08000d42   0x08000d42   0x00000038   Code   RO          806    i.HAL_PCD_EP_Receive  stm32f2xx_hal_pcd.o
    0x08000d7a   0x08000d7a   0x00000074   Code   RO          807    i.HAL_PCD_EP_SetStall  stm32f2xx_hal_pcd.o
    0x08000dee   0x08000dee   0x00000034   Code   RO          808    i.HAL_PCD_EP_Transmit  stm32f2xx_hal_pcd.o
    0x08000e22   0x08000e22   0x00000002   PAD
    0x08000e24   0x08000e24   0x0000054a   Code   RO          810    i.HAL_PCD_IRQHandler  stm32f2xx_hal_pcd.o
    0x0800136e   0x0800136e   0x00000008   Code   RO          558    i.HAL_PCD_ISOINIncompleteCallback  usbd_conf.o
    0x08001376   0x08001376   0x00000008   Code   RO          559    i.HAL_PCD_ISOOUTIncompleteCallback  usbd_conf.o
    0x0800137e   0x0800137e   0x000000e2   Code   RO          813    i.HAL_PCD_Init      stm32f2xx_hal_pcd.o
    0x08001460   0x08001460   0x00000084   Code   RO          561    i.HAL_PCD_MspInit   usbd_conf.o
    0x080014e4   0x080014e4   0x0000002c   Code   RO          562    i.HAL_PCD_ResetCallback  usbd_conf.o
    0x08001510   0x08001510   0x00000008   Code   RO          563    i.HAL_PCD_ResumeCallback  usbd_conf.o
    0x08001518   0x08001518   0x00000008   Code   RO          564    i.HAL_PCD_SOFCallback  usbd_conf.o
    0x08001520   0x08001520   0x00000028   Code   RO          819    i.HAL_PCD_SetAddress  stm32f2xx_hal_pcd.o
    0x08001548   0x08001548   0x0000000e   Code   RO          565    i.HAL_PCD_SetupStageCallback  usbd_conf.o
    0x08001556   0x08001556   0x0000002a   Code   RO          822    i.HAL_PCD_Start     stm32f2xx_hal_pcd.o
    0x08001580   0x08001580   0x00000030   Code   RO          566    i.HAL_PCD_SuspendCallback  usbd_conf.o
    0x080015b0   0x080015b0   0x0000013c   Code   RO         1521    i.HAL_RCC_ClockConfig  stm32f2xx_hal_rcc.o
    0x080016ec   0x080016ec   0x0000000c   Code   RO         1526    i.HAL_RCC_GetHCLKFreq  stm32f2xx_hal_rcc.o
    0x080016f8   0x080016f8   0x00000064   Code   RO         1530    i.HAL_RCC_GetSysClockFreq  stm32f2xx_hal_rcc.o
    0x0800175c   0x0800175c   0x0000034c   Code   RO         1533    i.HAL_RCC_OscConfig  stm32f2xx_hal_rcc.o
    0x08001aa8   0x08001aa8   0x00000028   Code   RO         1680    i.HAL_SYSTICK_Config  stm32f2xx_hal_cortex.o
    0x08001ad0   0x08001ad0   0x00000002   Code   RO         3130    i.HAL_TIMEx_BreakCallback  stm32f2xx_hal_tim_ex.o
    0x08001ad2   0x08001ad2   0x00000002   Code   RO         3131    i.HAL_TIMEx_CommutCallback  stm32f2xx_hal_tim_ex.o
    0x08001ad4   0x08001ad4   0x00000090   Code   RO         3149    i.HAL_TIMEx_MasterConfigSynchronization  stm32f2xx_hal_tim_ex.o
    0x08001b64   0x08001b64   0x0000005a   Code   RO         2426    i.HAL_TIM_Base_Init  stm32f2xx_hal_tim.o
    0x08001bbe   0x08001bbe   0x00000002   PAD
    0x08001bc0   0x08001bc0   0x00000038   Code   RO          200    i.HAL_TIM_Base_MspInit  tim.o
    0x08001bf8   0x08001bf8   0x000000dc   Code   RO         2435    i.HAL_TIM_ConfigClockSource  stm32f2xx_hal_tim.o
    0x08001cd4   0x08001cd4   0x00000002   Code   RO         2460    i.HAL_TIM_IC_CaptureCallback  stm32f2xx_hal_tim.o
    0x08001cd6   0x08001cd6   0x00000166   Code   RO         2474    i.HAL_TIM_IRQHandler  stm32f2xx_hal_tim.o
    0x08001e3c   0x08001e3c   0x0000004c   Code   RO          201    i.HAL_TIM_MspPostInit  tim.o
    0x08001e88   0x08001e88   0x00000002   Code   RO         2477    i.HAL_TIM_OC_DelayElapsedCallback  stm32f2xx_hal_tim.o
    0x08001e8a   0x08001e8a   0x000000cc   Code   RO         2498    i.HAL_TIM_PWM_ConfigChannel  stm32f2xx_hal_tim.o
    0x08001f56   0x08001f56   0x0000005a   Code   RO         2501    i.HAL_TIM_PWM_Init  stm32f2xx_hal_tim.o
    0x08001fb0   0x08001fb0   0x00000002   Code   RO         2503    i.HAL_TIM_PWM_MspInit  stm32f2xx_hal_tim.o
    0x08001fb2   0x08001fb2   0x00000002   Code   RO         2504    i.HAL_TIM_PWM_PulseFinishedCallback  stm32f2xx_hal_tim.o
    0x08001fb4   0x08001fb4   0x000000f4   Code   RO         2508    i.HAL_TIM_PWM_Start_IT  stm32f2xx_hal_tim.o
    0x080020a8   0x080020a8   0x000000bc   Code   RO         2511    i.HAL_TIM_PWM_Stop_IT  stm32f2xx_hal_tim.o
    0x08002164   0x08002164   0x00000002   Code   RO         2512    i.HAL_TIM_PeriodElapsedCallback  stm32f2xx_hal_tim.o
    0x08002166   0x08002166   0x00000002   Code   RO         2517    i.HAL_TIM_TriggerCallback  stm32f2xx_hal_tim.o
    0x08002168   0x08002168   0x00000002   Code   RO          257    i.HardFault_Handler  stm32f2xx_it.o
    0x0800216a   0x0800216a   0x00000002   PAD
    0x0800216c   0x0800216c   0x00000038   Code   RO          415    i.IntToUnicode      usbd_desc.o
    0x080021a4   0x080021a4   0x00000098   Code   RO          175    i.MX_GPIO_Init      gpio.o
    0x0800223c   0x0800223c   0x00000094   Code   RO          203    i.MX_TIM2_Init      tim.o
    0x080022d0   0x080022d0   0x00000054   Code   RO          367    i.MX_USB_DEVICE_Init  usb_device.o
    0x08002324   0x08002324   0x00000002   Code   RO          258    i.MemManage_Handler  stm32f2xx_it.o
    0x08002326   0x08002326   0x00000002   Code   RO          259    i.NMI_Handler       stm32f2xx_it.o
    0x08002328   0x08002328   0x0000000c   Code   RO          260    i.OTG_FS_IRQHandler  stm32f2xx_it.o
    0x08002334   0x08002334   0x000000cc   Code   RO          826    i.PCD_EP_OutXfrComplete_int  stm32f2xx_hal_pcd.o
    0x08002400   0x08002400   0x000000a2   Code   RO          827    i.PCD_WriteEmptyTxFifo  stm32f2xx_hal_pcd.o
    0x080024a2   0x080024a2   0x00000002   Code   RO          261    i.PendSV_Handler    stm32f2xx_it.o
    0x080024a4   0x080024a4   0x00000002   Code   RO          262    i.SVC_Handler       stm32f2xx_it.o
    0x080024a6   0x080024a6   0x00000004   Code   RO          263    i.SysTick_Handler   stm32f2xx_it.o
    0x080024aa   0x080024aa   0x0000006a   Code   RO           14    i.SystemClock_Config  main.o
    0x08002514   0x08002514   0x00000002   Code   RO         3398    i.SystemInit        system_stm32f2xx.o
    0x08002516   0x08002516   0x00000002   PAD
    0x08002518   0x08002518   0x0000000c   Code   RO          264    i.TIM2_IRQHandler   stm32f2xx_it.o
    0x08002524   0x08002524   0x000000c8   Code   RO         2519    i.TIM_Base_SetConfig  stm32f2xx_hal_tim.o
    0x080025ec   0x080025ec   0x0000001a   Code   RO         2520    i.TIM_CCxChannelCmd  stm32f2xx_hal_tim.o
    0x08002606   0x08002606   0x00000014   Code   RO         2530    i.TIM_ETR_SetConfig  stm32f2xx_hal_tim.o
    0x0800261a   0x0800261a   0x00000010   Code   RO         2531    i.TIM_ITRx_SetConfig  stm32f2xx_hal_tim.o
    0x0800262a   0x0800262a   0x00000002   PAD
    0x0800262c   0x0800262c   0x00000060   Code   RO         2532    i.TIM_OC1_SetConfig  stm32f2xx_hal_tim.o
    0x0800268c   0x0800268c   0x0000006c   Code   RO         2533    i.TIM_OC2_SetConfig  stm32f2xx_hal_tim.o
    0x080026f8   0x080026f8   0x00000068   Code   RO         2534    i.TIM_OC3_SetConfig  stm32f2xx_hal_tim.o
    0x08002760   0x08002760   0x00000050   Code   RO         2535    i.TIM_OC4_SetConfig  stm32f2xx_hal_tim.o
    0x080027b0   0x080027b0   0x00000022   Code   RO         2537    i.TIM_TI1_ConfigInputStage  stm32f2xx_hal_tim.o
    0x080027d2   0x080027d2   0x00000024   Code   RO         2539    i.TIM_TI2_ConfigInputStage  stm32f2xx_hal_tim.o
    0x080027f6   0x080027f6   0x0000004a   Code   RO         3698    i.USBD_CDC_DataIn   usbd_cdc.o
    0x08002840   0x08002840   0x0000002e   Code   RO         3699    i.USBD_CDC_DataOut  usbd_cdc.o
    0x0800286e   0x0800286e   0x00000044   Code   RO         3700    i.USBD_CDC_DeInit   usbd_cdc.o
    0x080028b2   0x080028b2   0x00000024   Code   RO         3701    i.USBD_CDC_EP0_RxReady  usbd_cdc.o
    0x080028d6   0x080028d6   0x00000002   PAD
    0x080028d8   0x080028d8   0x0000000c   Code   RO         3702    i.USBD_CDC_GetDeviceQualifierDescriptor  usbd_cdc.o
    0x080028e4   0x080028e4   0x0000000c   Code   RO         3703    i.USBD_CDC_GetFSCfgDesc  usbd_cdc.o
    0x080028f0   0x080028f0   0x0000000c   Code   RO         3704    i.USBD_CDC_GetHSCfgDesc  usbd_cdc.o
    0x080028fc   0x080028fc   0x0000000c   Code   RO         3705    i.USBD_CDC_GetOtherSpeedCfgDesc  usbd_cdc.o
    0x08002908   0x08002908   0x00000094   Code   RO         3706    i.USBD_CDC_Init     usbd_cdc.o
    0x0800299c   0x0800299c   0x00000028   Code   RO         3707    i.USBD_CDC_ReceivePacket  usbd_cdc.o
    0x080029c4   0x080029c4   0x00000010   Code   RO         3708    i.USBD_CDC_RegisterInterface  usbd_cdc.o
    0x080029d4   0x080029d4   0x0000000c   Code   RO         3709    i.USBD_CDC_SetRxBuffer  usbd_cdc.o
    0x080029e0   0x080029e0   0x00000010   Code   RO         3710    i.USBD_CDC_SetTxBuffer  usbd_cdc.o
    0x080029f0   0x080029f0   0x000000ac   Code   RO         3711    i.USBD_CDC_Setup    usbd_cdc.o
    0x08002a9c   0x08002a9c   0x00000036   Code   RO         3712    i.USBD_CDC_TransmitPacket  usbd_cdc.o
    0x08002ad2   0x08002ad2   0x0000000e   Code   RO         3435    i.USBD_ClrClassConfig  usbd_core.o
    0x08002ae0   0x08002ae0   0x00000010   Code   RO         3638    i.USBD_CtlContinueRx  usbd_ioreq.o
    0x08002af0   0x08002af0   0x00000010   Code   RO         3639    i.USBD_CtlContinueSendData  usbd_ioreq.o
    0x08002b00   0x08002b00   0x00000016   Code   RO         3573    i.USBD_CtlError     usbd_ctlreq.o
    0x08002b16   0x08002b16   0x0000001e   Code   RO         3640    i.USBD_CtlPrepareRx  usbd_ioreq.o
    0x08002b34   0x08002b34   0x00000016   Code   RO         3641    i.USBD_CtlReceiveStatus  usbd_ioreq.o
    0x08002b4a   0x08002b4a   0x0000001a   Code   RO         3642    i.USBD_CtlSendData  usbd_ioreq.o
    0x08002b64   0x08002b64   0x00000016   Code   RO         3643    i.USBD_CtlSendStatus  usbd_ioreq.o
    0x08002b7a   0x08002b7a   0x00000002   PAD
    0x08002b7c   0x08002b7c   0x00000020   Code   RO          416    i.USBD_FS_ConfigStrDescriptor  usbd_desc.o
    0x08002b9c   0x08002b9c   0x0000000c   Code   RO          417    i.USBD_FS_DeviceDescriptor  usbd_desc.o
    0x08002ba8   0x08002ba8   0x00000024   Code   RO          418    i.USBD_FS_InterfaceStrDescriptor  usbd_desc.o
    0x08002bcc   0x08002bcc   0x0000000c   Code   RO          419    i.USBD_FS_LangIDStrDescriptor  usbd_desc.o
    0x08002bd8   0x08002bd8   0x00000028   Code   RO          420    i.USBD_FS_ManufacturerStrDescriptor  usbd_desc.o
    0x08002c00   0x08002c00   0x0000002c   Code   RO          421    i.USBD_FS_ProductStrDescriptor  usbd_desc.o
    0x08002c2c   0x08002c2c   0x00000038   Code   RO          422    i.USBD_FS_SerialStrDescriptor  usbd_desc.o
    0x08002c64   0x08002c64   0x000000e8   Code   RO         3574    i.USBD_GetDescriptor  usbd_ctlreq.o
    0x08002d4c   0x08002d4c   0x00000048   Code   RO         3575    i.USBD_GetString    usbd_ctlreq.o
    0x08002d94   0x08002d94   0x00000018   Code   RO          567    i.USBD_Get_USB_Status  usbd_conf.o
    0x08002dac   0x08002dac   0x0000002a   Code   RO         3437    i.USBD_Init         usbd_core.o
    0x08002dd6   0x08002dd6   0x00000012   Code   RO          568    i.USBD_LL_ClearStallEP  usbd_conf.o
    0x08002de8   0x08002de8   0x00000012   Code   RO          569    i.USBD_LL_CloseEP   usbd_conf.o
    0x08002dfa   0x08002dfa   0x000000c6   Code   RO         3438    i.USBD_LL_DataInStage  usbd_core.o
    0x08002ec0   0x08002ec0   0x00000082   Code   RO         3439    i.USBD_LL_DataOutStage  usbd_core.o
    0x08002f42   0x08002f42   0x00000004   Code   RO         3440    i.USBD_LL_DevConnected  usbd_core.o
    0x08002f46   0x08002f46   0x00000016   Code   RO         3441    i.USBD_LL_DevDisconnected  usbd_core.o
    0x08002f5c   0x08002f5c   0x00000008   Code   RO          573    i.USBD_LL_GetRxDataSize  usbd_conf.o
    0x08002f64   0x08002f64   0x0000005c   Code   RO          574    i.USBD_LL_Init      usbd_conf.o
    0x08002fc0   0x08002fc0   0x00000020   Code   RO          575    i.USBD_LL_IsStallEP  usbd_conf.o
    0x08002fe0   0x08002fe0   0x00000004   Code   RO         3442    i.USBD_LL_IsoINIncomplete  usbd_core.o
    0x08002fe4   0x08002fe4   0x00000004   Code   RO         3443    i.USBD_LL_IsoOUTIncomplete  usbd_core.o
    0x08002fe8   0x08002fe8   0x00000018   Code   RO          576    i.USBD_LL_OpenEP    usbd_conf.o
    0x08003000   0x08003000   0x00000012   Code   RO          577    i.USBD_LL_PrepareReceive  usbd_conf.o
    0x08003012   0x08003012   0x00000050   Code   RO         3444    i.USBD_LL_Reset     usbd_core.o
    0x08003062   0x08003062   0x00000014   Code   RO         3445    i.USBD_LL_Resume    usbd_core.o
    0x08003076   0x08003076   0x00000018   Code   RO         3446    i.USBD_LL_SOF       usbd_core.o
    0x0800308e   0x0800308e   0x00000006   Code   RO         3447    i.USBD_LL_SetSpeed  usbd_core.o
    0x08003094   0x08003094   0x00000012   Code   RO          578    i.USBD_LL_SetUSBAddress  usbd_conf.o
    0x080030a6   0x080030a6   0x0000005a   Code   RO         3448    i.USBD_LL_SetupStage  usbd_core.o
    0x08003100   0x08003100   0x00000012   Code   RO          579    i.USBD_LL_StallEP   usbd_conf.o
    0x08003112   0x08003112   0x00000012   Code   RO          580    i.USBD_LL_Start     usbd_conf.o
    0x08003124   0x08003124   0x00000012   Code   RO         3449    i.USBD_LL_Suspend   usbd_core.o
    0x08003136   0x08003136   0x00000012   Code   RO          582    i.USBD_LL_Transmit  usbd_conf.o
    0x08003148   0x08003148   0x00000028   Code   RO         3576    i.USBD_ParseSetupRequest  usbd_ctlreq.o
    0x08003170   0x08003170   0x00000010   Code   RO         3450    i.USBD_RegisterClass  usbd_core.o
    0x08003180   0x08003180   0x00000016   Code   RO         3452    i.USBD_SetClassConfig  usbd_core.o
    0x08003196   0x08003196   0x00000002   PAD
    0x08003198   0x08003198   0x00000084   Code   RO         3577    i.USBD_SetConfig    usbd_ctlreq.o
    0x0800321c   0x0800321c   0x0000000a   Code   RO         3453    i.USBD_Start        usbd_core.o
    0x08003226   0x08003226   0x00000112   Code   RO         3578    i.USBD_StdDevReq    usbd_ctlreq.o
    0x08003338   0x08003338   0x00000150   Code   RO         3579    i.USBD_StdEPReq     usbd_ctlreq.o
    0x08003488   0x08003488   0x0000004e   Code   RO         3580    i.USBD_StdItfReq    usbd_ctlreq.o
    0x080034d6   0x080034d6   0x00000002   PAD
    0x080034d8   0x080034d8   0x00000080   Code   RO         1030    i.USB_ActivateEndpoint  stm32f2xx_ll_usb.o
    0x08003558   0x08003558   0x0000001c   Code   RO         1032    i.USB_ActivateSetup  stm32f2xx_ll_usb.o
    0x08003574   0x08003574   0x0000006c   Code   RO         1034    i.USB_CoreInit      stm32f2xx_ll_usb.o
    0x080035e0   0x080035e0   0x00000040   Code   RO         1035    i.USB_CoreReset     stm32f2xx_ll_usb.o
    0x08003620   0x08003620   0x000000cc   Code   RO         1038    i.USB_DeactivateEndpoint  stm32f2xx_ll_usb.o
    0x080036ec   0x080036ec   0x0000001c   Code   RO         1039    i.USB_DevConnect    stm32f2xx_ll_usb.o
    0x08003708   0x08003708   0x0000001c   Code   RO         1040    i.USB_DevDisconnect  stm32f2xx_ll_usb.o
    0x08003724   0x08003724   0x00000178   Code   RO         1041    i.USB_DevInit       stm32f2xx_ll_usb.o
    0x0800389c   0x0800389c   0x0000000c   Code   RO         1042    i.USB_DisableGlobalInt  stm32f2xx_ll_usb.o
    0x080038a8   0x080038a8   0x00000058   Code   RO         1045    i.USB_EP0_OutStart  stm32f2xx_ll_usb.o
    0x08003900   0x08003900   0x00000058   Code   RO         1046    i.USB_EPClearStall  stm32f2xx_ll_usb.o
    0x08003958   0x08003958   0x00000058   Code   RO         1047    i.USB_EPSetStall    stm32f2xx_ll_usb.o
    0x080039b0   0x080039b0   0x00000230   Code   RO         1048    i.USB_EPStartXfer   stm32f2xx_ll_usb.o
    0x08003be0   0x08003be0   0x0000009e   Code   RO         1049    i.USB_EPStopXfer    stm32f2xx_ll_usb.o
    0x08003c7e   0x08003c7e   0x0000000c   Code   RO         1050    i.USB_EnableGlobalInt  stm32f2xx_ll_usb.o
    0x08003c8a   0x08003c8a   0x00000002   PAD
    0x08003c8c   0x08003c8c   0x0000003c   Code   RO         1051    i.USB_FlushRxFifo   stm32f2xx_ll_usb.o
    0x08003cc8   0x08003cc8   0x00000040   Code   RO         1052    i.USB_FlushTxFifo   stm32f2xx_ll_usb.o
    0x08003d08   0x08003d08   0x0000001a   Code   RO         1054    i.USB_GetDevSpeed   stm32f2xx_ll_usb.o
    0x08003d22   0x08003d22   0x00000008   Code   RO         1056    i.USB_GetMode       stm32f2xx_ll_usb.o
    0x08003d2a   0x08003d2a   0x0000000e   Code   RO         1064    i.USB_ReadDevAllInEpInterrupt  stm32f2xx_ll_usb.o
    0x08003d38   0x08003d38   0x0000000e   Code   RO         1065    i.USB_ReadDevAllOutEpInterrupt  stm32f2xx_ll_usb.o
    0x08003d46   0x08003d46   0x00000024   Code   RO         1066    i.USB_ReadDevInEPInterrupt  stm32f2xx_ll_usb.o
    0x08003d6a   0x08003d6a   0x00000010   Code   RO         1067    i.USB_ReadDevOutEPInterrupt  stm32f2xx_ll_usb.o
    0x08003d7a   0x08003d7a   0x00000008   Code   RO         1068    i.USB_ReadInterrupts  stm32f2xx_ll_usb.o
    0x08003d82   0x08003d82   0x0000003e   Code   RO         1069    i.USB_ReadPacket    stm32f2xx_ll_usb.o
    0x08003dc0   0x08003dc0   0x0000005c   Code   RO         1071    i.USB_SetCurrentMode  stm32f2xx_ll_usb.o
    0x08003e1c   0x08003e1c   0x00000022   Code   RO         1072    i.USB_SetDevAddress  stm32f2xx_ll_usb.o
    0x08003e3e   0x08003e3e   0x00000002   PAD
    0x08003e40   0x08003e40   0x000000e8   Code   RO         1074    i.USB_SetTurnaroundTime  stm32f2xx_ll_usb.o
    0x08003f28   0x08003f28   0x00000028   Code   RO         1077    i.USB_WritePacket   stm32f2xx_ll_usb.o
    0x08003f50   0x08003f50   0x00000002   Code   RO          265    i.UsageFault_Handler  stm32f2xx_it.o
    0x08003f52   0x08003f52   0x00000020   Code   RO         1682    i.__NVIC_SetPriority  stm32f2xx_hal_cortex.o
    0x08003f72   0x08003f72   0x00000002   PAD
    0x08003f74   0x08003f74   0x00000074   Code   RO           15    i.main              main.o
    0x08003fe8   0x08003fe8   0x00000010   Data   RO         3399    .constdata          system_stm32f2xx.o
    0x08003ff8   0x08003ff8   0x00000020   Data   RO         4082    Region$$Table       anon$$obj.o


    Execution Region RW_IRAM1 (Exec base: 0x20000000, Load base: 0x08004018, Size: 0x00003c00, Max: 0x0001c000, ABSOLUTE, COMPRESSED[0x000000c0])

    Exec Addr    Load Addr    Size         Type   Attr      Idx    E Section Name        Object

    0x20000000   COMPRESSED   0x0000001c   Data   RW          424    .data               usbd_desc.o
    0x2000001c   COMPRESSED   0x00000032   Data   RW          425    .data               usbd_desc.o
    0x2000004e   COMPRESSED   0x00000002   PAD
    0x20000050   COMPRESSED   0x00000010   Data   RW          508    .data               usbd_cdc_if.o
    0x20000060   COMPRESSED   0x00000008   Data   RW          509    .data               usbd_cdc_if.o
    0x20000068   COMPRESSED   0x0000000c   Data   RW         1361    .data               stm32f2xx_hal.o
    0x20000074   COMPRESSED   0x00000004   Data   RW         3401    .data               system_stm32f2xx.o
    0x20000078   COMPRESSED   0x00000001   Data   RW         3581    .data               usbd_ctlreq.o
    0x20000079   COMPRESSED   0x00000003   PAD
    0x2000007c   COMPRESSED   0x000000d7   Data   RW         3713    .data               usbd_cdc.o
    0x20000153   COMPRESSED   0x00000001   PAD
    0x20000154   COMPRESSED   0x00000038   Data   RW         3714    .data               usbd_cdc.o
    0x2000018c        -       0x00000048   Zero   RW          204    .bss                tim.o
    0x200001d4        -       0x000002c4   Zero   RW          368    .bss                usb_device.o
    0x20000498        -       0x00000200   Zero   RW          423    .bss                usbd_desc.o
    0x20000698        -       0x00001000   Zero   RW          506    .bss                usbd_cdc_if.o
    0x20001698        -       0x00000504   Zero   RW          583    .bss                usbd_conf.o
    0x20001b9c        -       0x00000060   Zero   RW         3957    .bss                c_w.l(libspace.o)
    0x20001bfc   COMPRESSED   0x00000004   PAD
    0x20001c00        -       0x00001000   Zero   RW            2    HEAP                startup_stm32f205xx.o
    0x20002c00        -       0x00001000   Zero   RW            1    STACK               startup_stm32f205xx.o


    Execution Region RW_IRAM2 (Exec base: 0x2001c000, Load base: 0x080040d8, Size: 0x00000000, Max: 0x00004000, ABSOLUTE)

    **** No section assigned to this execution region ****


==============================================================================

Image component sizes


      Code (inc. data)   RO Data    RW Data    ZI Data      Debug   Object Name

       152         12          0          0          0        919   gpio.o
       226          8          0          0          0     618762   main.o
        64         26        388          0       8192        808   startup_stm32f205xx.o
       180         28          0         12          0       9061   stm32f2xx_hal.o
       198         14          0          0          0      30615   stm32f2xx_hal_cortex.o
       658         50          0          0          0       2256   stm32f2xx_hal_gpio.o
        48          6          0          0          0        834   stm32f2xx_hal_msp.o
      2564         12          0          0          0      13012   stm32f2xx_hal_pcd.o
        76          0          0          0          0       1784   stm32f2xx_hal_pcd_ex.o
      1272         64          0          0          0       4418   stm32f2xx_hal_rcc.o
      2126        118          0          0          0      16975   stm32f2xx_hal_tim.o
       148         28          0          0          0       2393   stm32f2xx_hal_tim_ex.o
        44         12          0          0          0       4716   stm32f2xx_it.o
      2676        132          0          0          0      22092   stm32f2xx_ll_usb.o
         2          0         16          4          0       1107   system_stm32f2xx.o
       280         20          0          0         72       2485   tim.o
        84         18          0          0        708       2535   usb_device.o
       730         16          0        271          0      13010   usbd_cdc.o
       148         26          0         24       4096       3528   usbd_cdc_if.o
       630         18          0          0       1284      14872   usbd_conf.o
       704          0          0          0          0      11737   usbd_core.o
      1186         28          0          1          0       7904   usbd_ctlreq.o
       288        104          0         78        512       5905   usbd_desc.o
       132          0          0          0          0       4308   usbd_ioreq.o

    ----------------------------------------------------------------------
     14648        740        436        396      14864     796036   Object Totals
         0          0         32          0          0          0   (incl. Generated)
        32          0          0          6          0          0   (incl. Padding)

    ----------------------------------------------------------------------

      Code (inc. data)   RO Data    RW Data    ZI Data      Debug   Library Member Name

        90          0          0          0          0          0   __dczerorl2.o
         8          0          0          0          0         68   __main.o
         0          0          0          0          0          0   __rtentry.o
        12          0          0          0          0          0   __rtentry2.o
         6          0          0          0          0          0   __rtentry4.o
        52          8          0          0          0          0   __scatter.o
        28          0          0          0          0          0   __scatter_zi.o
        10          0          0          0          0         68   defsig_exit.o
        50          0          0          0          0         88   defsig_general.o
        80         58          0          0          0         76   defsig_rtmem_inner.o
        14          0          0          0          0         80   defsig_rtmem_outer.o
        18          0          0          0          0         80   exit.o
        94          0          0          0          0         80   h1_alloc.o
        52          0          0          0          0         68   h1_extend.o
        78          0          0          0          0         80   h1_free.o
        14          0          0          0          0         84   h1_init.o
         6          0          0          0          0        152   heapauxi.o
         4          0          0          0          0        136   hguard.o
         0          0          0          0          0          0   indicate_semi.o
       138          0          0          0          0        168   init_alloc.o
         2          0          0          0          0          0   libinit.o
        10          0          0          0          0          0   libinit2.o
         2          0          0          0          0          0   libshutdown.o
         2          0          0          0          0          0   libshutdown2.o
         8          4          0          0         96         68   libspace.o
       238          0          0          0          0        100   lludivv7m.o
         0          0          0          0          0          0   maybetermalloc1.o
         8          4          0          0          0         68   rt_heap_descriptor_intlibspace.o
        78          0          0          0          0         80   rt_memclr_w.o
       100          0          0          0          0         80   rt_memcpy_w.o
         2          0          0          0          0          0   rtexit.o
        10          0          0          0          0          0   rtexit2.o
        12          4          0          0          0         68   sys_exit.o
        74          0          0          0          0         80   sys_stackheap_outer.o
        14          0          0          0          0         76   sys_wrch.o
         2          0          0          0          0         68   use_no_semi.o

    ----------------------------------------------------------------------
      1324         78          0          0        100       1916   Library Totals
         8          0          0          0          4          0   (incl. Padding)

    ----------------------------------------------------------------------

      Code (inc. data)   RO Data    RW Data    ZI Data      Debug   Library Name

      1316         78          0          0         96       1916   c_w.l

    ----------------------------------------------------------------------
      1324         78          0          0        100       1916   Library Totals

    ----------------------------------------------------------------------

==============================================================================


      Code (inc. data)   RO Data    RW Data    ZI Data      Debug   

     15972        818        436        396      14964     787340   Grand Totals
     15972        818        436        192      14964     787340   ELF Image Totals (compressed)
     15972        818        436        192          0          0   ROM Totals

==============================================================================

    Total RO  Size (Code + RO Data)                16408 (  16.02kB)
    Total RW  Size (RW Data + ZI Data)             15360 (  15.00kB)
    Total ROM Size (Code + RO Data + RW Data)      16600 (  16.21kB)

==============================================================================

